Component: ARM Compiler 5.06 update 6 (build 750) Tool: armlink [4d35ed]

==============================================================================

Section Cross References

    main.o(.text) refers to os_cpu_c.o(.text) for OS_CPU_SysTickInit
    main.o(.text) refers to os_core.o(.text) for OSStatInit
    main.o(.text) refers to task.o(.text) for App_Task
    main.o(.text) refers to os_time.o(.text) for OSTimeDlyHMSM
    main.o(.text) refers to os_cpu_a.o(.text) for CPU_IntDis
    main.o(.text) refers to os_task.o(.text) for OSTaskCreateExt
    main.o(.text) refers to system_stm32f4xx.o(.data) for SystemCoreClock
    main.o(.text) refers to main.o(.bss) for App_TaskStartStk
    task.o(.text) refers to os_sem.o(.text) for OSSemSet
    task.o(.text) refers to pps.o(.text) for GetY
    task.o(.text) refers to movebase.o(.text) for length_buff_y
    task.o(.text) refers to usart.o(.text) for USART_OUT
    task.o(.text) refers to timer.o(.text) for wait
    task.o(.text) refers to can.o(.text) for CAN_Config
    task.o(.text) refers to misc.o(.text) for NVIC_PriorityGroupConfig
    task.o(.text) refers to os_task.o(.text) for OSTaskSuspend
    task.o(.text) refers to task.o(.data) for PeriodSem
    task.o(.text) refers to stm32f4xx_it.o(.bss) for cameraInfo
    task.o(.text) refers to task.o(.bss) for App_ConfigStk
    stm32f4xx_it.o(.text) refers to os_cpu_a.o(.text) for OS_CPU_SR_Save
    stm32f4xx_it.o(.text) refers to can.o(.text) for CAN_RxMsg
    stm32f4xx_it.o(.text) refers to stm32f4xx_can.o(.text) for CAN_ClearFlag
    stm32f4xx_it.o(.text) refers to os_core.o(.text) for OSIntExit
    stm32f4xx_it.o(.text) refers to stm32f4xx_tim.o(.text) for TIM_GetITStatus
    stm32f4xx_it.o(.text) refers to os_sem.o(.text) for OSSemPost
    stm32f4xx_it.o(.text) refers to stm32f4xx_gpio.o(.text) for GPIO_ResetBits
    stm32f4xx_it.o(.text) refers to stm32f4xx_usart.o(.text) for USART_GetITStatus
    stm32f4xx_it.o(.text) refers to os_core.o(.data) for OSIntNesting
    stm32f4xx_it.o(.text) refers to stm32f4xx_it.o(.data) for periodCounter
    stm32f4xx_it.o(.text) refers to task.o(.data) for PeriodSem
    stm32f4xx_it.o(.text) refers to stm32f4xx_it.o(.bss) for getdata
    stm32f4xx_it.o(.text) refers to pps.o(.text) for GetAngle
    stm32f4xx_it.o(.text) refers to f2d.o(x$fpl$f2d) for __aeabi_f2d
    stm32f4xx_it.o(.text) refers to atan2.o(i.__hardfp_atan2) for __hardfp_atan2
    stm32f4xx_it.o(.text) refers to ddiv.o(x$fpl$ddiv) for __aeabi_ddiv
    stm32f4xx_it.o(.text) refers to dmul.o(x$fpl$dmul) for __aeabi_dmul
    stm32f4xx_it.o(.text) refers to daddsub_clz.o(x$fpl$dsub) for __aeabi_dsub
    stm32f4xx_it.o(.text) refers to daddsub_clz.o(x$fpl$dadd) for __aeabi_dadd
    stm32f4xx_it.o(.text) refers to d2f.o(x$fpl$d2f) for __aeabi_d2f
    timer.o(.text) refers to stm32f4xx_rcc.o(.text) for RCC_APB2PeriphClockCmd
    timer.o(.text) refers to stm32f4xx_tim.o(.text) for TIM_TimeBaseInit
    timer.o(.text) refers to misc.o(.text) for NVIC_Init
    timer.o(.text) refers to stm32f4xx_gpio.o(.text) for GPIO_PinAFConfig
    gpio.o(.text) refers to stm32f4xx_rcc.o(.text) for RCC_AHB1PeriphClockCmd
    gpio.o(.text) refers to stm32f4xx_gpio.o(.text) for GPIO_Init
    usart.o(.text) refers to stm32f4xx_usart.o(.text) for USART_SendData
    usart.o(.text) refers to stm32f4xx_rcc.o(.text) for RCC_AHB1PeriphClockCmd
    usart.o(.text) refers to stm32f4xx_gpio.o(.text) for GPIO_PinAFConfig
    usart.o(.text) refers to misc.o(.text) for NVIC_Init
    elmo.o(.text) refers to can.o(.text) for CAN_TxMsg
    elmo.o(.text) refers to stm32f4xx_can.o(.text) for CAN_Transmit
    elmo.o(.text) refers to elmo.o(.constdata) for .constdata
    can.o(.text) refers to stm32f4xx_rcc.o(.text) for RCC_APB1PeriphClockCmd
    can.o(.text) refers to stm32f4xx_gpio.o(.text) for GPIO_PinAFConfig
    can.o(.text) refers to stm32f4xx_can.o(.text) for CAN_DeInit
    can.o(.text) refers to misc.o(.text) for NVIC_Init
    pps.o(.text) refers to timer.o(.text) for wait
    pps.o(.text) refers to stm32f4xx_usart.o(.text) for USART_SendData
    pps.o(.text) refers to pps.o(.data) for ppsReady
    pps.o(.text) refers to pps.o(.bss) for posture
    movebase.o(.text) refers to elmo.o(.text) for ReadActualPos
    movebase.o(.text) refers to cosf.o(i.__hardfp_cosf) for __hardfp_cosf
    movebase.o(.text) refers to f2d.o(x$fpl$f2d) for __aeabi_f2d
    movebase.o(.text) refers to pow.o(i.__hardfp_pow) for __hardfp_pow
    movebase.o(.text) refers to daddsub_clz.o(x$fpl$dadd) for __aeabi_dadd
    movebase.o(.text) refers to sqrt.o(i.__hardfp_sqrt) for __hardfp_sqrt
    movebase.o(.text) refers to d2f.o(x$fpl$d2f) for __aeabi_d2f
    movebase.o(.text) refers to fabs.o(i.__hardfp_fabs) for __hardfp_fabs
    movebase.o(.text) refers to sqrtf.o(i.__hardfp_sqrtf) for __hardfp_sqrtf
    movebase.o(.text) refers to ddiv.o(x$fpl$ddiv) for __aeabi_ddiv
    movebase.o(.text) refers to movebase.o(.bss) for wheelSpeed
[...]
    ReadActualTemperature                    0x08002909   Thumb Code   142  elmo.o(.text)
    ReadCurrentLimitFlag                     0x08002997   Thumb Code   142  elmo.o(.text)
    ReadVelocityError                        0x08002a25   Thumb Code   142  elmo.o(.text)
    ReadCommandVelocity                      0x08002ab3   Thumb Code   148  elmo.o(.text)
    ReadJoggingVelocity                      0x08002b47   Thumb Code   140  elmo.o(.text)
    ReadUnitMode                             0x08002bd3   Thumb Code   142  elmo.o(.text)
    ReadReferenceMode                        0x08002c61   Thumb Code   142  elmo.o(.text)
    ReadMotorFailure                         0x08002cef   Thumb Code   142  elmo.o(.text)
    CAN_Config                               0x08002d81   Thumb Code   944  can.o(.text)
    CAN_TxMsg                                0x08003131   Thumb Code    88  can.o(.text)
    CAN_RxMsg                                0x08003189   Thumb Code    74  can.o(.text)
    SetOpsReady                              0x080031d9   Thumb Code     6  pps.o(.text)
    GetPosition                              0x080031df   Thumb Code   272  pps.o(.text)
    TalkOpsToGetReady                        0x080032ef   Thumb Code    74  pps.o(.text)
    GetOpsReady                              0x08003339   Thumb Code     6  pps.o(.text)
    WaitOpsPrepare                           0x0800333f   Thumb Code    24  pps.o(.text)
    GetAngle                                 0x08003357   Thumb Code     8  pps.o(.text)
    GetX                                     0x0800335f   Thumb Code     8  pps.o(.text)
    GetY                                     0x08003367   Thumb Code     8  pps.o(.text)
    GetSpeedX                                0x0800336f   Thumb Code     8  pps.o(.text)
    GetSpeedY                                0x08003377   Thumb Code     8  pps.o(.text)
    GetWZ                                    0x0800337f   Thumb Code     8  pps.o(.text)
    CorrectX                                 0x08003387   Thumb Code   102  pps.o(.text)
    CorrectY                                 0x080033ed   Thumb Code   102  pps.o(.text)
    CorrectAngle                             0x08003453   Thumb Code   154  pps.o(.text)
    CameraAction                             0x08003519   Thumb Code    32  movebase.o(.text)
    OpenLoopLine                             0x08003539   Thumb Code   330  movebase.o(.text)
    OpenLoopCircle                           0x08003683   Thumb Code   632  movebase.o(.text)
    OpenRound                                0x080038fb   Thumb Code   212  movebase.o(.text)
    CalcWheelspeed                           0x080039cf   Thumb Code   610  movebase.o(.text)
    AnglePID                                 0x08003c31   Thumb Code   258  movebase.o(.text)
    DistancePID                              0x08003d33   Thumb Code   288  movebase.o(.text)
    CloseLoopLine                            0x08003e53   Thumb Code  1632  movebase.o(.text)
    CloseLoopCircle                          0x080044b3   Thumb Code  1630  movebase.o(.text)
    cameraPoseTran_X                         0x08004b11   Thumb Code     8  movebase.o(.text)
    cameraPoseTran_Y                         0x08004b19   Thumb Code     8  movebase.o(.text)
    pose_angle_closeLoop                     0x08004b21   Thumb Code    88  movebase.o(.text)
    pointControl                             0x08004b79   Thumb Code   810  movebase.o(.text)
    length_buff_x                            0x08004ea3   Thumb Code   110  movebase.o(.text)
    length_buff_y                            0x08004f11   Thumb Code   110  movebase.o(.text)
    SystemInit                               0x08005099   Thumb Code    88  system_stm32f4xx.o(.text)
    SystemCoreClockUpdate                    0x080050f1   Thumb Code   174  system_stm32f4xx.o(.text)
    Reset_Handler                            0x080051cd   Thumb Code    18  startup_stm32f4xx.o(.text)
    ADC_IRQHandler                           0x080051f1   Thumb Code     0  startup_stm32f4xx.o(.text)
    CAN1_RX1_IRQHandler                      0x080051f1   Thumb Code     0  startup_stm32f4xx.o(.text)
    CAN1_SCE_IRQHandler                      0x080051f1   Thumb Code     0  startup_stm32f4xx.o(.text)
    CAN1_TX_IRQHandler                       0x080051f1   Thumb Code     0  startup_stm32f4xx.o(.text)
    CAN2_RX1_IRQHandler                      0x080051f1   Thumb Code     0  startup_stm32f4xx.o(.text)
    CAN2_SCE_IRQHandler                      0x080051f1   Thumb Code     0  startup_stm32f4xx.o(.text)
    CAN2_TX_IRQHandler                       0x080051f1   Thumb Code     0  startup_stm32f4xx.o(.text)
    CRYP_IRQHandler                          0x080051f1   Thumb Code     0  startup_stm32f4xx.o(.text)
    DCMI_IRQHandler                          0x080051f1   Thumb Code     0  startup_stm32f4xx.o(.text)
    DMA1_Stream0_IRQHandler                  0x080051f1   Thumb Code     0  startup_stm32f4xx.o(.text)
    DMA1_Stream1_IRQHandler                  0x080051f1   Thumb Code     0  startup_stm32f4xx.o(.text)
    DMA1_Stream2_IRQHandler                  0x080051f1   Thumb Code     0  startup_stm32f4xx.o(.text)
    DMA1_Stream3_IRQHandler                  0x080051f1   Thumb Code     0  startup_stm32f4xx.o(.text)
    DMA1_Stream4_IRQHandler                  0x080051f1   Thumb Code     0  startup_stm32f4xx.o(.text)
    DMA1_Stream5_IRQHandler                  0x080051f1   Thumb Code     0  startup_stm32f4xx.o(.text)
    DMA1_Stream6_IRQHandler                  0x080051f1   Thumb Code     0  startup_stm32f4xx.o(.text)
    DMA1_Stream7_IRQHandler                  0x080051f1   Thumb Code     0  startup_stm32f4xx.o(.text)
    DMA2_Stream0_IRQHandler                  0x080051f1   Thumb Code     0  startup_stm32f4xx.o(.text)
    DMA2_Stream1_IRQHandler                  0x080051f1   Thumb Code     0  startup_stm32f4xx.o(.text)
    DMA2_Stream2_IRQHandler                  0x080051f1   Thumb Code     0  startup_stm32f4xx.o(.text)
    DMA2_Stream3_IRQHandler                  0x080051f1   Thumb Code     0  startup_stm32f4xx.o(.text)
    DMA2_Stream4_IRQHandler                  0x080051f1   Thumb Code     0  startup_stm32f4xx.o(.text)
    DMA2_Stream5_IRQHandler                  0x080051f1   Thumb Code     0  startup_stm32f4xx.o(.text)
    DMA2_Stream6_IRQHandler                  0x080051f1   Thumb Code     0  startup_stm32f4xx.o(.text)
    DMA2_Stream7_IRQHandler                  0x080051f1   Thumb Code     0  startup_stm32f4xx.o(.text)
    ETH_IRQHandler                           0x080051f1   Thumb Code     0  startup_stm32f4xx.o(.text)
    ETH_WKUP_IRQHandler                      0x080051f1   Thumb Code     0  startup_stm32f4xx.o(.text)
    EXTI0_IRQHandler                         0x080051f1   Thumb Code     0  startup_stm32f4xx.o(.text)
    EXTI15_10_IRQHandler                     0x080051f1   Thumb Code     0  startup_stm32f4xx.o(.text)
    EXTI1_IRQHandler                         0x080051f1   Thumb Code     0  startup_stm32f4xx.o(.text)
    EXTI2_IRQHandler                         0x080051f1   Thumb Code     0  startup_stm32f4xx.o(.text)
    EXTI3_IRQHandler                         0x080051f1   Thumb Code     0  startup_stm32f4xx.o(.text)
    EXTI4_IRQHandler                         0x080051f1   Thumb Code     0  startup_stm32f4xx.o(.text)
    EXTI9_5_IRQHandler                       0x080051f1   Thumb Code     0  startup_stm32f4xx.o(.text)
    FLASH_IRQHandler                         0x080051f1   Thumb Code     0  startup_stm32f4xx.o(.text)
    FPU_IRQHandler                           0x080051f1   Thumb Code     0  startup_stm32f4xx.o(.text)
    FSMC_IRQHandler                          0x080051f1   Thumb Code     0  startup_stm32f4xx.o(.text)
    HASH_RNG_IRQHandler                      0x080051f1   Thumb Code     0  startup_stm32f4xx.o(.text)
    I2C1_ER_IRQHandler                       0x080051f1   Thumb Code     0  startup_stm32f4xx.o(.text)
    I2C1_EV_IRQHandler                       0x080051f1   Thumb Code     0  startup_stm32f4xx.o(.text)
    I2C2_ER_IRQHandler                       0x080051f1   Thumb Code     0  startup_stm32f4xx.o(.text)
    I2C2_EV_IRQHandler                       0x080051f1   Thumb Code     0  startup_stm32f4xx.o(.text)
    I2C3_ER_IRQHandler                       0x080051f1   Thumb Code     0  startup_stm32f4xx.o(.text)
    I2C3_EV_IRQHandler                       0x080051f1   Thumb Code     0  startup_stm32f4xx.o(.text)
    OTG_FS_IRQHandler                        0x080051f1   Thumb Code     0  startup_stm32f4xx.o(.text)
    OTG_FS_WKUP_IRQHandler                   0x080051f1   Thumb Code     0  startup_stm32f4xx.o(.text)
    OTG_HS_EP1_IN_IRQHandler                 0x080051f1   Thumb Code     0  startup_stm32f4xx.o(.text)
    OTG_HS_EP1_OUT_IRQHandler                0x080051f1   Thumb Code     0  startup_stm32f4xx.o(.text)
    OTG_HS_IRQHandler                        0x080051f1   Thumb Code     0  startup_stm32f4xx.o(.text)
    OTG_HS_WKUP_IRQHandler                   0x080051f1   Thumb Code     0  startup_stm32f4xx.o(.text)
    PVD_IRQHandler                           0x080051f1   Thumb Code     0  startup_stm32f4xx.o(.text)
    RCC_IRQHandler                           0x080051f1   Thumb Code     0  startup_stm32f4xx.o(.text)
    RTC_Alarm_IRQHandler                     0x080051f1   Thumb Code     0  startup_stm32f4xx.o(.text)
    RTC_WKUP_IRQHandler                      0x080051f1   Thumb Code     0  startup_stm32f4xx.o(.text)
    SDIO_IRQHandler                          0x080051f1   Thumb Code     0  startup_stm32f4xx.o(.text)
    SPI1_IRQHandler                          0x080051f1   Thumb Code     0  startup_stm32f4xx.o(.text)
    SPI2_IRQHandler                          0x080051f1   Thumb Code     0  startup_stm32f4xx.o(.text)
    SPI3_IRQHandler                          0x080051f1   Thumb Code     0  startup_stm32f4xx.o(.text)
    TAMP_STAMP_IRQHandler                    0x080051f1   Thumb Code     0  startup_stm32f4xx.o(.text)
    TIM1_BRK_TIM9_IRQHandler                 0x080051f1   Thumb Code     0  startup_stm32f4xx.o(.text)
    TIM1_CC_IRQHandler                       0x080051f1   Thumb Code     0  startup_stm32f4xx.o(.text)
    TIM1_TRG_COM_TIM11_IRQHandler            0x080051f1   Thumb Code     0  startup_stm32f4xx.o(.text)
    TIM6_DAC_IRQHandler                      0x080051f1   Thumb Code     0  startup_stm32f4xx.o(.text)
    TIM7_IRQHandler                          0x080051f1   Thumb Code     0  startup_stm32f4xx.o(.text)
    TIM8_BRK_TIM12_IRQHandler                0x080051f1   Thumb Code     0  startup_stm32f4xx.o(.text)
    TIM8_CC_IRQHandler                       0x080051f1   Thumb Code     0  startup_stm32f4xx.o(.text)
    TIM8_TRG_COM_TIM14_IRQHandler            0x080051f1   Thumb Code     0  startup_stm32f4xx.o(.text)
    WWDG_IRQHandler                          0x080051f1   Thumb Code     0  startup_stm32f4xx.o(.text)
    __user_initial_stackheap                 0x080051f5   Thumb Code     0  startup_stm32f4xx.o(.text)
    OSInitHookBegin                          0x0800521d   Thumb Code    40  os_cpu_c.o(.text)
    OSInitHookEnd                            0x08005245   Thumb Code     2  os_cpu_c.o(.text)
    OSTaskCreateHook                         0x08005247   Thumb Code    12  os_cpu_c.o(.text)
    OSTaskDelHook                            0x08005253   Thumb Code    12  os_cpu_c.o(.text)
    OSTaskIdleHook                           0x0800525f   Thumb Code     8  os_cpu_c.o(.text)
    OSTaskStatHook                           0x08005267   Thumb Code     8  os_cpu_c.o(.text)
    OSTaskStkInit                            0x0800526f   Thumb Code   486  os_cpu_c.o(.text)
    OSTaskSwHook                             0x08005455   Thumb Code     8  os_cpu_c.o(.text)
    OSTCBInitHook                            0x0800545d   Thumb Code    12  os_cpu_c.o(.text)
    OSTimeTickHook                           0x08005469   Thumb Code    34  os_cpu_c.o(.text)
    SysTick_Handler                          0x0800548b   Thumb Code    34  os_cpu_c.o(.text)
    OS_CPU_SysTickInit                       0x080054ad   Thumb Code    28  os_cpu_c.o(.text)
    OS_CPU_SR_Save                           0x080054e5   Thumb Code     0  os_cpu_a.o(.text)
    OS_CPU_SR_Restore                        0x080054ed   Thumb Code     0  os_cpu_a.o(.text)
    OSStartHighRdy                           0x080054f3   Thumb Code     0  os_cpu_a.o(.text)
    OSCtxSw                                  0x08005513   Thumb Code     0  os_cpu_a.o(.text)
    OSIntCtxSw                               0x0800551d   Thumb Code     0  os_cpu_a.o(.text)
    PendSV_Handler                           0x08005527   Thumb Code     0  os_cpu_a.o(.text)
    CPU_IntDis                               0x08005575   Thumb Code     0  os_cpu_a.o(.text)
    CPU_IntEn                                0x08005579   Thumb Code     0  os_cpu_a.o(.text)
    OSDebugInit                              0x0800559d   Thumb Code   118  os_dbg.o(.text)
    OS_StrLen                                0x080056f9   Thumb Code    20  os_core.o(.text)
    OSEventNameGet                           0x0800570d   Thumb Code   118  os_core.o(.text)
    OSEventNameSet                           0x08005783   Thumb Code   100  os_core.o(.text)
    OS_EventTaskRemoveMulti                  0x080057e7   Thumb Code    58  os_core.o(.text)
    OS_Sched                                 0x0800583b   Thumb Code    88  os_core.o(.text)
    OS_EventTaskWaitMulti                    0x08005893   Thumb Code   136  os_core.o(.text)
    OSEventPendMulti                         0x0800591b   Thumb Code   760  os_core.o(.text)
    OS_TaskStatStkChk                        0x08005c13   Thumb Code    54  os_core.o(.text)
    OS_TaskStat                              0x08005c49   Thumb Code   116  os_core.o(.text)
    OS_TaskIdle                              0x08005cf1   Thumb Code    34  os_core.o(.text)
    OS_MemClr                                0x08005d47   Thumb Code    18  os_core.o(.text)
    OSInit                                   0x08005e6f   Thumb Code    56  os_core.o(.text)
    OSIntEnter                               0x08005ea7   Thumb Code    28  os_core.o(.text)
    OSIntExit                                0x08005ec3   Thumb Code   258  os_core.o(.text)
    OSSchedLock                              0x08005fc5   Thumb Code    50  os_core.o(.text)
    OSSchedUnlock                            0x08005ff7   Thumb Code    82  os_core.o(.text)
    OSStart                                  0x08006049   Thumb Code    48  os_core.o(.text)
    OSStatInit                               0x08006079   Thumb Code    62  os_core.o(.text)
    OSTimeTick                               0x080060b7   Thumb Code   210  os_core.o(.text)
    OSVersion                                0x08006189   Thumb Code     6  os_core.o(.text)
    OS_Dummy                                 0x0800618f   Thumb Code     2  os_core.o(.text)
    OS_EventTaskRemove                       0x08006191   Thumb Code    42  os_core.o(.text)
    OS_EventTaskRdy                          0x080061bb   Thumb Code   128  os_core.o(.text)
    OS_EventTaskWait                         0x0800623b   Thumb Code   112  os_core.o(.text)
    OS_EventWaitListInit                     0x080062ab   Thumb Code    28  os_core.o(.text)
    OS_MemCopy                               0x080062c7   Thumb Code    20  os_core.o(.text)
    OS_TCBInit                               0x080062db   Thumb Code   358  os_core.o(.text)
    OSFlagAccept                             0x08006449   Thumb Code   262  os_flag.o(.text)
    OSFlagCreate                             0x0800654f   Thumb Code    86  os_flag.o(.text)
    OS_FlagUnlink                            0x080065a5   Thumb Code    36  os_flag.o(.text)
    OSFlagDel                                0x0800661b   Thumb Code   224  os_flag.o(.text)
    OSFlagNameGet                            0x080066fb   Thumb Code   100  os_flag.o(.text)
    OSFlagNameSet                            0x0800675f   Thumb Code    82  os_flag.o(.text)
    OSFlagPend                               0x08006849   Thumb Code   626  os_flag.o(.text)
    OSFlagPendGetFlagsRdy                    0x08006abb   Thumb Code    26  os_flag.o(.text)
    OSFlagPost                               0x08006ad5   Thumb Code   322  os_flag.o(.text)
    OSFlagQuery                              0x08006c17   Thumb Code    58  os_flag.o(.text)
    OS_FlagInit                              0x08006c51   Thumb Code    78  os_flag.o(.text)
    OSMemCreate                              0x08006cad   Thumb Code   164  os_mem.o(.text)
    OSMemGet                                 0x08006d51   Thumb Code    72  os_mem.o(.text)
    OSMemNameGet                             0x08006d99   Thumb Code    80  os_mem.o(.text)
    OSMemNameSet                             0x08006de9   Thumb Code    64  os_mem.o(.text)
    OSMemPut                                 0x08006e29   Thumb Code    66  os_mem.o(.text)
    OSMemQuery                               0x08006e6b   Thumb Code    64  os_mem.o(.text)
    OS_MemInit                               0x08006eab   Thumb Code    74  os_mem.o(.text)
    OSQAccept                                0x08006f05   Thumb Code    98  os_q.o(.text)
    OSQCreate                                0x08006f67   Thumb Code   144  os_q.o(.text)
    OSQDel                                   0x08006ff7   Thumb Code   254  os_q.o(.text)
    OSQFlush                                 0x080070f5   Thumb Code    52  os_q.o(.text)
    OSQPend                                  0x08007129   Thumb Code   288  os_q.o(.text)
    OSQPendAbort                             0x08007249   Thumb Code   138  os_q.o(.text)
    OSQPost                                  0x080072d3   Thumb Code   120  os_q.o(.text)
    OSQPostFront                             0x0800734b   Thumb Code   146  os_q.o(.text)
    OSQPostOpt                               0x080073dd   Thumb Code   188  os_q.o(.text)
    OSQQuery                                 0x08007499   Thumb Code   110  os_q.o(.text)
    OS_QInit                                 0x08007507   Thumb Code    72  os_q.o(.text)
    OSSemAccept                              0x08007559   Thumb Code    48  os_sem.o(.text)
    OSSemCreate                              0x08007589   Thumb Code    72  os_sem.o(.text)
    OSSemDel                                 0x080075d1   Thumb Code   220  os_sem.o(.text)
    OSSemPend                                0x080076ad   Thumb Code   236  os_sem.o(.text)
    OSSemPendAbort                           0x08007799   Thumb Code   138  os_sem.o(.text)
    OSSemPost                                0x08007823   Thumb Code    94  os_sem.o(.text)
    OSSemQuery                               0x08007881   Thumb Code    88  os_sem.o(.text)
    OSSemSet                                 0x080078d9   Thumb Code    74  os_sem.o(.text)
    OSTaskChangePrio                         0x08007939   Thumb Code   418  os_task.o(.text)
    OSTaskCreate                             0x08007adb   Thumb Code   156  os_task.o(.text)
    OS_TaskStkClr                            0x08007b77   Thumb Code    26  os_task.o(.text)
    OSTaskCreateExt                          0x08007b91   Thumb Code   178  os_task.o(.text)
    OSTaskDel                                0x08007c43   Thumb Code   354  os_task.o(.text)
    OSTaskDelReq                             0x08007da5   Thumb Code   112  os_task.o(.text)
    OSTaskNameGet                            0x08007e15   Thumb Code   140  os_task.o(.text)
    OSTaskNameSet                            0x08007ea1   Thumb Code   120  os_task.o(.text)
    OSTaskResume                             0x08007f19   Thumb Code   162  os_task.o(.text)
    OSTaskStkChk                             0x08007fbb   Thumb Code   150  os_task.o(.text)
    OSTaskSuspend                            0x08008051   Thumb Code   172  os_task.o(.text)
    OSTaskQuery                              0x080080fd   Thumb Code   132  os_task.o(.text)
    OSTaskRegGet                             0x08008181   Thumb Code    86  os_task.o(.text)
    OSTaskRegSet                             0x080081d7   Thumb Code    84  os_task.o(.text)
    OS_TaskReturn                            0x0800822b   Thumb Code    18  os_task.o(.text)
    OSTimeDly                                0x08008245   Thumb Code   100  os_time.o(.text)
    OSTimeDlyHMSM                            0x080082a9   Thumb Code   124  os_time.o(.text)
    OSTimeDlyResume                          0x08008325   Thumb Code   168  os_time.o(.text)
    OSTimeGet                                0x080083cd   Thumb Code    24  os_time.o(.text)
    OSTimeSet                                0x080083e5   Thumb Code    24  os_time.o(.text)
    OSTmrCreate                              0x0800844b   Thumb Code   142  os_tmr.o(.text)
    OSTmrDel                                 0x08008551   Thumb Code   134  os_tmr.o(.text)
    OSTmrNameGet                             0x080085d7   Thumb Code   134  os_tmr.o(.text)
    OSTmrRemainGet                           0x0800865d   Thumb Code   172  os_tmr.o(.text)
    OSTmrStateGet                            0x08008709   Thumb Code    96  os_tmr.o(.text)
    OSTmrStart                               0x080087cd   Thumb Code   166  os_tmr.o(.text)
    OSTmrStop                                0x08008873   Thumb Code   190  os_tmr.o(.text)
    OSTmrSignal                              0x08008931   Thumb Code    16  os_tmr.o(.text)
    OSTmr_Init                               0x080089e5   Thumb Code   172  os_tmr.o(.text)
    OSTaskReturnHook                         0x08008af9   Thumb Code     2  os_apphooks.o(.text)
    App_TaskCreateHook                       0x08008afb   Thumb Code     2  os_apphooks.o(.text)
    App_TaskDelHook                          0x08008afd   Thumb Code     2  os_apphooks.o(.text)
    App_TaskIdleHook                         0x08008aff   Thumb Code     2  os_apphooks.o(.text)
    App_TaskReturnHook                       0x08008b01   Thumb Code     2  os_apphooks.o(.text)
    App_TaskStatHook                         0x08008b03   Thumb Code     2  os_apphooks.o(.text)
    App_TaskSwHook                           0x08008b05   Thumb Code     2  os_apphooks.o(.text)
    App_TCBInitHook                          0x08008b07   Thumb Code     2  os_apphooks.o(.text)
    App_TimeTickHook                         0x08008b09   Thumb Code     2  os_apphooks.o(.text)
    GPIO_DeInit                              0x08008b0d   Thumb Code   220  stm32f4xx_gpio.o(.text)
    GPIO_Init                                0x08008be9   Thumb Code   144  stm32f4xx_gpio.o(.text)
    GPIO_StructInit                          0x08008c79   Thumb Code    18  stm32f4xx_gpio.o(.text)
    GPIO_PinLockConfig                       0x08008c8b   Thumb Code    34  stm32f4xx_gpio.o(.text)
    GPIO_ReadInputDataBit                    0x08008cad   Thumb Code    18  stm32f4xx_gpio.o(.text)
    GPIO_ReadInputData                       0x08008cbf   Thumb Code     8  stm32f4xx_gpio.o(.text)
    GPIO_ReadOutputDataBit                   0x08008cc7   Thumb Code    18  stm32f4xx_gpio.o(.text)
    GPIO_ReadOutputData                      0x08008cd9   Thumb Code     8  stm32f4xx_gpio.o(.text)
    GPIO_SetBits                             0x08008ce1   Thumb Code     4  stm32f4xx_gpio.o(.text)
    GPIO_ResetBits                           0x08008ce5   Thumb Code     4  stm32f4xx_gpio.o(.text)
    GPIO_WriteBit                            0x08008ce9   Thumb Code    10  stm32f4xx_gpio.o(.text)
    GPIO_Write                               0x08008cf3   Thumb Code     4  stm32f4xx_gpio.o(.text)
    GPIO_ToggleBits                          0x08008cf7   Thumb Code     8  stm32f4xx_gpio.o(.text)
    GPIO_PinAFConfig                         0x08008cff   Thumb Code    70  stm32f4xx_gpio.o(.text)
    RCC_DeInit                               0x08008d69   Thumb Code    60  stm32f4xx_rcc.o(.text)
    RCC_HSEConfig                            0x08008da5   Thumb Code    14  stm32f4xx_rcc.o(.text)
    RCC_GetFlagStatus                        0x08008db3   Thumb Code    60  stm32f4xx_rcc.o(.text)
    RCC_WaitForHSEStartUp                    0x08008def   Thumb Code    56  stm32f4xx_rcc.o(.text)
    RCC_AdjustHSICalibrationValue            0x08008e27   Thumb Code    20  stm32f4xx_rcc.o(.text)
    RCC_HSICmd                               0x08008e3b   Thumb Code     6  stm32f4xx_rcc.o(.text)
    RCC_LSEConfig                            0x08008e41   Thumb Code    46  stm32f4xx_rcc.o(.text)
    RCC_LSICmd                               0x08008e6f   Thumb Code     6  stm32f4xx_rcc.o(.text)
    RCC_PLLConfig                            0x08008e75   Thumb Code    32  stm32f4xx_rcc.o(.text)
    RCC_PLLCmd                               0x08008e95   Thumb Code     6  stm32f4xx_rcc.o(.text)
    RCC_PLLI2SConfig                         0x08008e9b   Thumb Code    14  stm32f4xx_rcc.o(.text)
    RCC_PLLI2SCmd                            0x08008ea9   Thumb Code     6  stm32f4xx_rcc.o(.text)
    RCC_ClockSecuritySystemCmd               0x08008eaf   Thumb Code     6  stm32f4xx_rcc.o(.text)
    RCC_MCO1Config                           0x08008eb5   Thumb Code    28  stm32f4xx_rcc.o(.text)
    RCC_MCO2Config                           0x08008ed1   Thumb Code    28  stm32f4xx_rcc.o(.text)
    RCC_SYSCLKConfig                         0x08008eed   Thumb Code    20  stm32f4xx_rcc.o(.text)
    RCC_GetSYSCLKSource                      0x08008f01   Thumb Code    12  stm32f4xx_rcc.o(.text)
    RCC_HCLKConfig                           0x08008f0d   Thumb Code    20  stm32f4xx_rcc.o(.text)
    RCC_PCLK1Config                          0x08008f21   Thumb Code    20  stm32f4xx_rcc.o(.text)
    RCC_PCLK2Config                          0x08008f35   Thumb Code    22  stm32f4xx_rcc.o(.text)
    RCC_GetClocksFreq                        0x08008f4b   Thumb Code   222  stm32f4xx_rcc.o(.text)
    RCC_RTCCLKConfig                         0x08009029   Thumb Code    54  stm32f4xx_rcc.o(.text)
    RCC_RTCCLKCmd                            0x0800905f   Thumb Code     8  stm32f4xx_rcc.o(.text)
    RCC_BackupResetCmd                       0x08009067   Thumb Code     8  stm32f4xx_rcc.o(.text)
    RCC_I2SCLKConfig                         0x0800906f   Thumb Code     6  stm32f4xx_rcc.o(.text)
    RCC_AHB1PeriphClockCmd                   0x08009075   Thumb Code    34  stm32f4xx_rcc.o(.text)
    RCC_AHB2PeriphClockCmd                   0x08009097   Thumb Code    34  stm32f4xx_rcc.o(.text)
    RCC_AHB3PeriphClockCmd                   0x080090b9   Thumb Code    34  stm32f4xx_rcc.o(.text)
    RCC_APB1PeriphClockCmd                   0x080090db   Thumb Code    34  stm32f4xx_rcc.o(.text)
    RCC_APB2PeriphClockCmd                   0x080090fd   Thumb Code    34  stm32f4xx_rcc.o(.text)
    RCC_AHB1PeriphResetCmd                   0x0800911f   Thumb Code    34  stm32f4xx_rcc.o(.text)
    RCC_AHB2PeriphResetCmd                   0x08009141   Thumb Code    72  stm32f4xx_rcc.o(.text)
    RCC_AHB3PeriphResetCmd                   0x08009189   Thumb Code    34  stm32f4xx_rcc.o(.text)
    RCC_APB1PeriphResetCmd                   0x080091ab   Thumb Code    34  stm32f4xx_rcc.o(.text)
    RCC_APB2PeriphResetCmd                   0x080091cd   Thumb Code    34  stm32f4xx_rcc.o(.text)
    RCC_AHB1PeriphClockLPModeCmd             0x080091ef   Thumb Code    34  stm32f4xx_rcc.o(.text)
    RCC_AHB2PeriphClockLPModeCmd             0x08009211   Thumb Code    34  stm32f4xx_rcc.o(.text)
    RCC_AHB3PeriphClockLPModeCmd             0x08009233   Thumb Code    34  stm32f4xx_rcc.o(.text)
    RCC_APB1PeriphClockLPModeCmd             0x08009255   Thumb Code    34  stm32f4xx_rcc.o(.text)
    RCC_APB2PeriphClockLPModeCmd             0x08009277   Thumb Code    34  stm32f4xx_rcc.o(.text)
    RCC_ITConfig                             0x08009299   Thumb Code    34  stm32f4xx_rcc.o(.text)
    RCC_ClearFlag                            0x080092bb   Thumb Code    18  stm32f4xx_rcc.o(.text)
    RCC_GetITStatus                          0x080092cd   Thumb Code    22  stm32f4xx_rcc.o(.text)
    RCC_ClearITPendingBit                    0x080092e3   Thumb Code     8  stm32f4xx_rcc.o(.text)
    NVIC_PriorityGroupConfig                 0x080092f1   Thumb Code    10  misc.o(.text)
    NVIC_Init                                0x080092fb   Thumb Code   106  misc.o(.text)
    NVIC_SetVectorTable                      0x08009365   Thumb Code    14  misc.o(.text)
    NVIC_SystemLPConfig                      0x08009373   Thumb Code    34  misc.o(.text)
    SysTick_CLKSourceConfig                  0x08009395   Thumb Code    40  misc.o(.text)
    TIM_DeInit                               0x080093d1   Thumb Code   346  stm32f4xx_tim.o(.text)
    TIM_TimeBaseInit                         0x0800952b   Thumb Code   104  stm32f4xx_tim.o(.text)
    TIM_TimeBaseStructInit                   0x08009593   Thumb Code    18  stm32f4xx_tim.o(.text)
    TIM_PrescalerConfig                      0x080095a5   Thumb Code     6  stm32f4xx_tim.o(.text)
    TIM_CounterModeConfig                    0x080095ab   Thumb Code    18  stm32f4xx_tim.o(.text)
    TIM_SetCounter                           0x080095bd   Thumb Code     4  stm32f4xx_tim.o(.text)
    TIM_SetAutoreload                        0x080095c1   Thumb Code     4  stm32f4xx_tim.o(.text)
    TIM_GetCounter                           0x080095c5   Thumb Code     6  stm32f4xx_tim.o(.text)
    TIM_GetPrescaler                         0x080095cb   Thumb Code     6  stm32f4xx_tim.o(.text)
    TIM_UpdateDisableConfig                  0x080095d1   Thumb Code    24  stm32f4xx_tim.o(.text)
    TIM_UpdateRequestConfig                  0x080095e9   Thumb Code    24  stm32f4xx_tim.o(.text)
    TIM_ARRPreloadConfig                     0x08009601   Thumb Code    24  stm32f4xx_tim.o(.text)
    TIM_SelectOnePulseMode                   0x08009619   Thumb Code    18  stm32f4xx_tim.o(.text)
    TIM_SetClockDivision                     0x0800962b   Thumb Code    18  stm32f4xx_tim.o(.text)
    TIM_Cmd                                  0x0800963d   Thumb Code    24  stm32f4xx_tim.o(.text)
    TIM_OC1Init                              0x08009655   Thumb Code   114  stm32f4xx_tim.o(.text)
    TIM_OC2Init                              0x080096c7   Thumb Code   154  stm32f4xx_tim.o(.text)
    TIM_OC3Init                              0x08009761   Thumb Code   204  stm32f4xx_tim.o(.text)
    TIM_OC4Init                              0x0800982d   Thumb Code   112  stm32f4xx_tim.o(.text)
    TIM_OCStructInit                         0x0800989d   Thumb Code    20  stm32f4xx_tim.o(.text)
    TIM_SelectOCxM                           0x080098b1   Thumb Code    86  stm32f4xx_tim.o(.text)
    TIM_SetCompare1                          0x08009907   Thumb Code     4  stm32f4xx_tim.o(.text)
    TIM_SetCompare2                          0x0800990b   Thumb Code     4  stm32f4xx_tim.o(.text)
    TIM_SetCompare3                          0x0800990f   Thumb Code     4  stm32f4xx_tim.o(.text)
    TIM_SetCompare4                          0x08009913   Thumb Code     4  stm32f4xx_tim.o(.text)
    TIM_ForcedOC1Config                      0x08009917   Thumb Code    18  stm32f4xx_tim.o(.text)
    TIM_ForcedOC2Config                      0x08009929   Thumb Code    26  stm32f4xx_tim.o(.text)
    TIM_ForcedOC3Config                      0x08009943   Thumb Code    18  stm32f4xx_tim.o(.text)
    TIM_ForcedOC4Config                      0x08009955   Thumb Code    26  stm32f4xx_tim.o(.text)
    TIM_OC1PreloadConfig                     0x0800996f   Thumb Code    18  stm32f4xx_tim.o(.text)
    TIM_OC2PreloadConfig                     0x08009981   Thumb Code    26  stm32f4xx_tim.o(.text)
    TIM_OC3PreloadConfig                     0x0800999b   Thumb Code    18  stm32f4xx_tim.o(.text)
    TIM_OC4PreloadConfig                     0x080099ad   Thumb Code    26  stm32f4xx_tim.o(.text)
    TIM_OC1FastConfig                        0x080099c7   Thumb Code    18  stm32f4xx_tim.o(.text)
    TIM_OC2FastConfig                        0x080099d9   Thumb Code    26  stm32f4xx_tim.o(.text)
    TIM_OC3FastConfig                        0x080099f3   Thumb Code    18  stm32f4xx_tim.o(.text)
    TIM_OC4FastConfig                        0x08009a05   Thumb Code    26  stm32f4xx_tim.o(.text)
    TIM_ClearOC1Ref                          0x08009a1f   Thumb Code    18  stm32f4xx_tim.o(.text)
    TIM_ClearOC2Ref                          0x08009a31   Thumb Code    24  stm32f4xx_tim.o(.text)
    TIM_ClearOC3Ref                          0x08009a49   Thumb Code    18  stm32f4xx_tim.o(.text)
    TIM_ClearOC4Ref                          0x08009a5b   Thumb Code    24  stm32f4xx_tim.o(.text)
    TIM_OC1PolarityConfig                    0x08009a73   Thumb Code    18  stm32f4xx_tim.o(.text)
    TIM_OC1NPolarityConfig                   0x08009a85   Thumb Code    18  stm32f4xx_tim.o(.text)
    TIM_OC2PolarityConfig                    0x08009a97   Thumb Code    26  stm32f4xx_tim.o(.text)
    TIM_OC2NPolarityConfig                   0x08009ab1   Thumb Code    26  stm32f4xx_tim.o(.text)
    TIM_OC3PolarityConfig                    0x08009acb   Thumb Code    26  stm32f4xx_tim.o(.text)
    TIM_OC3NPolarityConfig                   0x08009ae5   Thumb Code    26  stm32f4xx_tim.o(.text)
    TIM_OC4PolarityConfig                    0x08009aff   Thumb Code    26  stm32f4xx_tim.o(.text)
    TIM_CCxCmd                               0x08009b19   Thumb Code    30  stm32f4xx_tim.o(.text)
    TIM_CCxNCmd                              0x08009b37   Thumb Code    30  stm32f4xx_tim.o(.text)
    TIM_SetIC4Prescaler                      0x08009b55   Thumb Code    26  stm32f4xx_tim.o(.text)
    TIM_SetIC3Prescaler                      0x08009bbf   Thumb Code    18  stm32f4xx_tim.o(.text)
    TIM_SetIC2Prescaler                      0x08009c19   Thumb Code    26  stm32f4xx_tim.o(.text)
    TIM_SetIC1Prescaler                      0x08009c8d   Thumb Code    18  stm32f4xx_tim.o(.text)
    TIM_ICInit                               0x08009cd9   Thumb Code   110  stm32f4xx_tim.o(.text)
    TIM_ICStructInit                         0x08009d47   Thumb Code    18  stm32f4xx_tim.o(.text)
    TIM_PWMIConfig                           0x08009d59   Thumb Code   124  stm32f4xx_tim.o(.text)
    TIM_GetCapture1                          0x08009dd5   Thumb Code     6  stm32f4xx_tim.o(.text)
    TIM_GetCapture2                          0x08009ddb   Thumb Code     6  stm32f4xx_tim.o(.text)
    TIM_GetCapture3                          0x08009de1   Thumb Code     6  stm32f4xx_tim.o(.text)
    TIM_GetCapture4                          0x08009de7   Thumb Code     6  stm32f4xx_tim.o(.text)
    TIM_BDTRConfig                           0x08009ded   Thumb Code    32  stm32f4xx_tim.o(.text)
    TIM_BDTRStructInit                       0x08009e0d   Thumb Code    18  stm32f4xx_tim.o(.text)
    TIM_CtrlPWMOutputs                       0x08009e1f   Thumb Code    30  stm32f4xx_tim.o(.text)
    TIM_SelectCOM                            0x08009e3d   Thumb Code    24  stm32f4xx_tim.o(.text)
    TIM_CCPreloadControl                     0x08009e55   Thumb Code    24  stm32f4xx_tim.o(.text)
    TIM_ITConfig                             0x08009e6d   Thumb Code    18  stm32f4xx_tim.o(.text)
    TIM_GenerateEvent                        0x08009e7f   Thumb Code     4  stm32f4xx_tim.o(.text)
    TIM_GetFlagStatus                        0x08009e83   Thumb Code    18  stm32f4xx_tim.o(.text)
    TIM_ClearFlag                            0x08009e95   Thumb Code     6  stm32f4xx_tim.o(.text)
    TIM_GetITStatus                          0x08009e9b   Thumb Code    34  stm32f4xx_tim.o(.text)
    TIM_ClearITPendingBit                    0x08009ebd   Thumb Code     6  stm32f4xx_tim.o(.text)
    TIM_DMAConfig                            0x08009ec3   Thumb Code    10  stm32f4xx_tim.o(.text)
    TIM_DMACmd                               0x08009ecd   Thumb Code    18  stm32f4xx_tim.o(.text)
    TIM_SelectCCDMA                          0x08009edf   Thumb Code    24  stm32f4xx_tim.o(.text)
    TIM_InternalClockConfig                  0x08009ef7   Thumb Code    12  stm32f4xx_tim.o(.text)
    TIM_SelectInputTrigger                   0x08009f03   Thumb Code    18  stm32f4xx_tim.o(.text)
    TIM_ITRxExternalClockConfig              0x08009f15   Thumb Code    24  stm32f4xx_tim.o(.text)
    TIM_TIxExternalClockConfig               0x08009f2d   Thumb Code    62  stm32f4xx_tim.o(.text)
    TIM_ETRConfig                            0x08009f6b   Thumb Code    28  stm32f4xx_tim.o(.text)
    TIM_ETRClockMode1Config                  0x08009f87   Thumb Code    54  stm32f4xx_tim.o(.text)
    TIM_ETRClockMode2Config                  0x08009fbd   Thumb Code    32  stm32f4xx_tim.o(.text)
    TIM_SelectOutputTrigger                  0x08009fdd   Thumb Code    18  stm32f4xx_tim.o(.text)
    TIM_SelectSlaveMode                      0x08009fef   Thumb Code    18  stm32f4xx_tim.o(.text)
    TIM_SelectMasterSlaveMode                0x0800a001   Thumb Code    18  stm32f4xx_tim.o(.text)
    TIM_EncoderInterfaceConfig               0x0800a013   Thumb Code    66  stm32f4xx_tim.o(.text)
    TIM_SelectHallSensor                     0x0800a055   Thumb Code    24  stm32f4xx_tim.o(.text)
    TIM_RemapConfig                          0x0800a06d   Thumb Code     6  stm32f4xx_tim.o(.text)
    USART_DeInit                             0x0800a075   Thumb Code   156  stm32f4xx_usart.o(.text)
    USART_Init                               0x0800a111   Thumb Code   204  stm32f4xx_usart.o(.text)
    USART_StructInit                         0x0800a1dd   Thumb Code    24  stm32f4xx_usart.o(.text)
    USART_ClockInit                          0x0800a1f5   Thumb Code    32  stm32f4xx_usart.o(.text)
    USART_ClockStructInit                    0x0800a215   Thumb Code    12  stm32f4xx_usart.o(.text)
    USART_Cmd                                0x0800a221   Thumb Code    24  stm32f4xx_usart.o(.text)
    USART_SetPrescaler                       0x0800a239   Thumb Code    16  stm32f4xx_usart.o(.text)
    USART_OverSampling8Cmd                   0x0800a249   Thumb Code    22  stm32f4xx_usart.o(.text)
    USART_OneBitMethodCmd                    0x0800a25f   Thumb Code    24  stm32f4xx_usart.o(.text)
    USART_ClearFlag                          0x0800a277   Thumb Code    18  stm32f4xx_usart.o(.text)
    USART_GetFlagStatus                      0x0800a289   Thumb Code    26  stm32f4xx_usart.o(.text)
    USART_SendData                           0x0800a2a3   Thumb Code    44  stm32f4xx_usart.o(.text)
    USART_ReceiveData                        0x0800a2cf   Thumb Code    10  stm32f4xx_usart.o(.text)
    USART_SetAddress                         0x0800a2d9   Thumb Code    18  stm32f4xx_usart.o(.text)
    USART_ReceiverWakeUpCmd                  0x0800a2eb   Thumb Code    24  stm32f4xx_usart.o(.text)
    USART_WakeUpConfig                       0x0800a303   Thumb Code    18  stm32f4xx_usart.o(.text)
    USART_LINBreakDetectLengthConfig         0x0800a315   Thumb Code    18  stm32f4xx_usart.o(.text)
    USART_LINCmd                             0x0800a327   Thumb Code    24  stm32f4xx_usart.o(.text)
    USART_SendBreak                          0x0800a33f   Thumb Code    10  stm32f4xx_usart.o(.text)
    USART_HalfDuplexCmd                      0x0800a349   Thumb Code    24  stm32f4xx_usart.o(.text)
    USART_SetGuardTime                       0x0800a361   Thumb Code    16  stm32f4xx_usart.o(.text)
    USART_SmartCardCmd                       0x0800a371   Thumb Code    24  stm32f4xx_usart.o(.text)
    USART_SmartCardNACKCmd                   0x0800a389   Thumb Code    24  stm32f4xx_usart.o(.text)
    USART_IrDAConfig                         0x0800a3a1   Thumb Code    18  stm32f4xx_usart.o(.text)
    USART_IrDACmd                            0x0800a3b3   Thumb Code    24  stm32f4xx_usart.o(.text)
    USART_DMACmd                             0x0800a3cb   Thumb Code    18  stm32f4xx_usart.o(.text)
    USART_ITConfig                           0x0800a3dd   Thumb Code    74  stm32f4xx_usart.o(.text)
    USART_GetITStatus                        0x0800a427   Thumb Code   110  stm32f4xx_usart.o(.text)
    USART_ClearITPendingBit                  0x0800a495   Thumb Code    30  stm32f4xx_usart.o(.text)
    CAN_DeInit                               0x0800a4b5   Thumb Code    50  stm32f4xx_can.o(.text)
    CAN_Init                                 0x0800a4e7   Thumb Code   276  stm32f4xx_can.o(.text)
    CAN_FilterInit                           0x0800a5fb   Thumb Code   258  stm32f4xx_can.o(.text)
    CAN_StructInit                           0x0800a6fd   Thumb Code    32  stm32f4xx_can.o(.text)
    CAN_SlaveStartBank                       0x0800a71d   Thumb Code    48  stm32f4xx_can.o(.text)
    CAN_DBGFreeze                            0x0800a74d   Thumb Code    22  stm32f4xx_can.o(.text)
    CAN_TTComModeCmd                         0x0800a763   Thumb Code   118  stm32f4xx_can.o(.text)
    CAN_Transmit                             0x0800a7d9   Thumb Code   304  stm32f4xx_can.o(.text)
    CAN_TransmitStatus                       0x0800a909   Thumb Code   138  stm32f4xx_can.o(.text)
    CAN_CancelTransmit                       0x0800a993   Thumb Code    48  stm32f4xx_can.o(.text)
    CAN_Receive                              0x0800a9c3   Thumb Code   240  stm32f4xx_can.o(.text)
    CAN_FIFORelease                          0x0800aab3   Thumb Code    22  stm32f4xx_can.o(.text)
    CAN_MessagePending                       0x0800aac9   Thumb Code    30  stm32f4xx_can.o(.text)
    CAN_OperatingModeRequest                 0x0800aae7   Thumb Code   162  stm32f4xx_can.o(.text)
    CAN_Sleep                                0x0800ab89   Thumb Code    30  stm32f4xx_can.o(.text)
    CAN_WakeUp                               0x0800aba7   Thumb Code    48  stm32f4xx_can.o(.text)
    CAN_GetLastErrorCode                     0x0800abd7   Thumb Code    12  stm32f4xx_can.o(.text)
    CAN_GetReceiveErrorCounter               0x0800abe3   Thumb Code    10  stm32f4xx_can.o(.text)
    CAN_GetLSBTransmitErrorCounter           0x0800abed   Thumb Code    12  stm32f4xx_can.o(.text)
    CAN_ITConfig                             0x0800abf9   Thumb Code    18  stm32f4xx_can.o(.text)
    CAN_GetFlagStatus                        0x0800ac0b   Thumb Code   120  stm32f4xx_can.o(.text)
    CAN_ClearFlag                            0x0800ac83   Thumb Code    52  stm32f4xx_can.o(.text)
    CAN_GetITStatus                          0x0800acc9   Thumb Code   310  stm32f4xx_can.o(.text)
    CAN_ClearITPendingBit                    0x0800adff   Thumb Code   162  stm32f4xx_can.o(.text)
    __use_two_region_memory                  0x0800aea5   Thumb Code     2  heapauxi.o(.text)
    __rt_heap_escrow$2region                 0x0800aea7   Thumb Code     2  heapauxi.o(.text)
    __rt_heap_expand$2region                 0x0800aea9   Thumb Code     2  heapauxi.o(.text)
    __read_errno                             0x0800aeab   Thumb Code    10  _rserrno.o(.text)
    __set_errno                              0x0800aeb5   Thumb Code    12  _rserrno.o(.text)
    __aeabi_errno_addr                       0x0800aec1   Thumb Code     8  rt_errno_addr_intlibspace.o(.text)
    __errno$intlibspace                      0x0800aec1   Thumb Code     0  rt_errno_addr_intlibspace.o(.text)
    __rt_errno_addr$intlibspace              0x0800aec1   Thumb Code     0  rt_errno_addr_intlibspace.o(.text)
    __user_libspace                          0x0800aec9   Thumb Code     8  libspace.o(.text)
    __user_perproc_libspace                  0x0800aec9   Thumb Code     0  libspace.o(.text)
    __user_perthread_libspace                0x0800aec9   Thumb Code     0  libspace.o(.text)
    __user_setup_stackheap                   0x0800aed1   Thumb Code    74  sys_stackheap_outer.o(.text)
    exit                                     0x0800af1b   Thumb Code    18  exit.o(.text)
    _sys_exit                                0x0800af2d   Thumb Code     8  sys_exit.o(.text)
    __I$use$semihosting                      0x0800af39   Thumb Code     0  use_no_semi.o(.text)
    __use_no_semihosting_swi                 0x0800af39   Thumb Code     2  use_no_semi.o(.text)
    __ARM_fpclassify                         0x0800af3b   Thumb Code    48  fpclassify.o(i.__ARM_fpclassify)
    __semihosting_library_function           0x0800af3b   Thumb Code     0  indicate_semi.o(.text)
    __ARM_fpclassifyf                        0x0800af6b   Thumb Code    38  fpclassifyf.o(i.__ARM_fpclassifyf)
    __hardfp_atan                            0x0800af91   Thumb Code   622  atan.o(i.__hardfp_atan)
    __hardfp_atan2                           0x0800b269   Thumb Code   432  atan2.o(i.__hardfp_atan2)
    __hardfp_cos                             0x0800b459   Thumb Code   180  cos.o(i.__hardfp_cos)
    __hardfp_cosf                            0x0800b521   Thumb Code   280  cosf.o(i.__hardfp_cosf)
    __hardfp_fabs                            0x0800b671   Thumb Code    20  fabs.o(i.__hardfp_fabs)
    __hardfp_pow                             0x0800b689   Thumb Code  3072  pow.o(i.__hardfp_pow)
    __hardfp_powf                            0x0800c2d9   Thumb Code  1606  powf.o(i.__hardfp_powf)
    __mathlib_powf                           0x0800c2d9   Thumb Code     0  powf.o(i.__hardfp_powf)
    __hardfp_sin                             0x0800c941   Thumb Code   180  sin.o(i.__hardfp_sin)
    __hardfp_sinf                            0x0800ca09   Thumb Code   344  sinf.o(i.__hardfp_sinf)
    __hardfp_sqrt                            0x0800cb99   Thumb Code   122  sqrt.o(i.__hardfp_sqrt)
    __hardfp_sqrtf                           0x0800cc13   Thumb Code    58  sqrtf.o(i.__hardfp_sqrtf)
    __ieee754_rem_pio2                       0x0800cc51   Thumb Code   938  rred.o(i.__ieee754_rem_pio2)
    __kernel_cos                             0x0800d089   Thumb Code   322  cos_i.o(i.__kernel_cos)
    __kernel_poly                            0x0800d1f9   Thumb Code   248  poly.o(i.__kernel_poly)
    __kernel_sin                             0x0800d2f1   Thumb Code   280  sin_i.o(i.__kernel_sin)
    __mathlib_dbl_divzero                    0x0800d421   Thumb Code    28  dunder.o(i.__mathlib_dbl_divzero)
    __mathlib_dbl_infnan                     0x0800d451   Thumb Code    20  dunder.o(i.__mathlib_dbl_infnan)
    __mathlib_dbl_infnan2                    0x0800d465   Thumb Code    20  dunder.o(i.__mathlib_dbl_infnan2)
    __mathlib_dbl_invalid                    0x0800d479   Thumb Code    24  dunder.o(i.__mathlib_dbl_invalid)
    __mathlib_dbl_overflow                   0x0800d499   Thumb Code    24  dunder.o(i.__mathlib_dbl_overflow)
    __mathlib_dbl_underflow                  0x0800d4b9   Thumb Code    24  dunder.o(i.__mathlib_dbl_underflow)
    __mathlib_flt_divzero                    0x0800d4d9   Thumb Code    14  funder.o(i.__mathlib_flt_divzero)
    __mathlib_flt_infnan                     0x0800d4ed   Thumb Code     6  funder.o(i.__mathlib_flt_infnan)
    __mathlib_flt_infnan2                    0x0800d4f3   Thumb Code     6  funder.o(i.__mathlib_flt_infnan2)
    __mathlib_flt_invalid                    0x0800d4f9   Thumb Code    10  funder.o(i.__mathlib_flt_invalid)
    __mathlib_flt_overflow                   0x0800d509   Thumb Code    10  funder.o(i.__mathlib_flt_overflow)
    __mathlib_flt_underflow                  0x0800d519   Thumb Code    10  funder.o(i.__mathlib_flt_underflow)
    __mathlib_rredf2                         0x0800d529   Thumb Code   316  rredf.o(i.__mathlib_rredf2)
    atan                                     0x0800d67d   Thumb Code    16  atan.o(i.atan)
    fabs                                     0x0800d68d   Thumb Code    24  fabs.o(i.fabs)
    sqrt                                     0x0800d6a5   Thumb Code   110  sqrt.o(i.sqrt)
    __aeabi_dneg                             0x0800d713   Thumb Code     0  basic.o(x$fpl$basic)
    _dneg                                    0x0800d713   Thumb Code     6  basic.o(x$fpl$basic)
    __aeabi_fneg                             0x0800d719   Thumb Code     0  basic.o(x$fpl$basic)
    _fneg                                    0x0800d719   Thumb Code     6  basic.o(x$fpl$basic)
    _dabs                                    0x0800d71f   Thumb Code     6  basic.o(x$fpl$basic)
    _fabs                                    0x0800d725   Thumb Code     6  basic.o(x$fpl$basic)
    __aeabi_d2f                              0x0800d72d   Thumb Code     0  d2f.o(x$fpl$d2f)
    _d2f                                     0x0800d72d   Thumb Code    98  d2f.o(x$fpl$d2f)
    __aeabi_dadd                             0x0800d791   Thumb Code     0  daddsub_clz.o(x$fpl$dadd)
    _dadd                                    0x0800d791   Thumb Code   332  daddsub_clz.o(x$fpl$dadd)
    __fpl_dcheck_NaN1                        0x0800d8e1   Thumb Code    10  dcheck1.o(x$fpl$dcheck1)
    __fpl_dcmp_Inf                           0x0800d8f1   Thumb Code    24  dcmpi.o(x$fpl$dcmpinf)
    __aeabi_ddiv                             0x0800d909   Thumb Code     0  ddiv.o(x$fpl$ddiv)
    _ddiv                                    0x0800d909   Thumb Code   552  ddiv.o(x$fpl$ddiv)
    __aeabi_d2iz                             0x0800dbb9   Thumb Code     0  dfix.o(x$fpl$dfix)
    _dfix                                    0x0800dbb9   Thumb Code    94  dfix.o(x$fpl$dfix)
    __aeabi_i2d                              0x0800dc17   Thumb Code     0  dflt_clz.o(x$fpl$dflt)
    _dflt                                    0x0800dc17   Thumb Code    46  dflt_clz.o(x$fpl$dflt)
    __aeabi_ui2d                             0x0800dc45   Thumb Code     0  dflt_clz.o(x$fpl$dfltu)
    _dfltu                                   0x0800dc45   Thumb Code    38  dflt_clz.o(x$fpl$dfltu)
    __aeabi_cdcmple                          0x0800dc6d   Thumb Code     0  dleqf.o(x$fpl$dleqf)
    _dcmple                                  0x0800dc6d   Thumb Code   120  dleqf.o(x$fpl$dleqf)
    __fpl_dcmple_InfNaN                      0x0800dccf   Thumb Code     0  dleqf.o(x$fpl$dleqf)
    __aeabi_dmul                             0x0800dce5   Thumb Code     0  dmul.o(x$fpl$dmul)
    _dmul                                    0x0800dce5   Thumb Code   332  dmul.o(x$fpl$dmul)
    __fpl_dnaninf                            0x0800de39   Thumb Code   156  dnaninf.o(x$fpl$dnaninf)
    __fpl_dretinf                            0x0800ded5   Thumb Code    12  dretinf.o(x$fpl$dretinf)
    __aeabi_cdrcmple                         0x0800dee1   Thumb Code     0  drleqf.o(x$fpl$drleqf)
    _drcmple                                 0x0800dee1   Thumb Code   108  drleqf.o(x$fpl$drleqf)
    __aeabi_drsub                            0x0800df4d   Thumb Code     0  daddsub_clz.o(x$fpl$drsb)
    _drsb                                    0x0800df4d   Thumb Code    22  daddsub_clz.o(x$fpl$drsb)
    _dsqrt                                   0x0800df65   Thumb Code   404  dsqrt_umaal.o(x$fpl$dsqrt)
    __aeabi_dsub                             0x0800e0fd   Thumb Code     0  daddsub_clz.o(x$fpl$dsub)
    _dsub                                    0x0800e0fd   Thumb Code   464  daddsub_clz.o(x$fpl$dsub)
    __aeabi_f2d                              0x0800e2d1   Thumb Code     0  f2d.o(x$fpl$f2d)
    _f2d                                     0x0800e2d1   Thumb Code    86  f2d.o(x$fpl$f2d)
    __fpl_fnaninf                            0x0800e327   Thumb Code   140  fnaninf.o(x$fpl$fnaninf)
    _fp_init                                 0x0800e3b3   Thumb Code    10  fpinit.o(x$fpl$fpinit)
    __fplib_config_fpu_vfp                   0x0800e3bb   Thumb Code     0  fpinit.o(x$fpl$fpinit)
    __fplib_config_pureend_doubles           0x0800e3bb   Thumb Code     0  fpinit.o(x$fpl$fpinit)
    __fpl_fretinf                            0x0800e3bd   Thumb Code    10  fretinf.o(x$fpl$fretinf)
    __fpl_return_NaN                         0x0800e3c7   Thumb Code   100  retnan.o(x$fpl$retnan)
    __ARM_scalbn                             0x0800e42b   Thumb Code    92  scalbn.o(x$fpl$scalbn)
    __fpl_cmpreturn                          0x0800e487   Thumb Code    48  trapv.o(x$fpl$trapveneer)
    __I$use$fp                               0x0800e4b6   Number         0  usenofp.o(x$fpl$usenofp)
    OSDebugEn                                0x0800e598   Data           2  os_dbg.o(.constdata)
    OSEndiannessTest                         0x0800e59c   Data           4  os_dbg.o(.constdata)
    OSEventEn                                0x0800e5a0   Data           2  os_dbg.o(.constdata)
    OSEventMax                               0x0800e5a2   Data           2  os_dbg.o(.constdata)
    OSEventNameEn                            0x0800e5a4   Data           2  os_dbg.o(.constdata)
    OSEventSize                              0x0800e5a6   Data           2  os_dbg.o(.constdata)
    OSEventTblSize                           0x0800e5a8   Data           2  os_dbg.o(.constdata)
    OSEventMultiEn                           0x0800e5aa   Data           2  os_dbg.o(.constdata)
    OSFlagEn                                 0x0800e5ac   Data           2  os_dbg.o(.constdata)
    OSFlagGrpSize                            0x0800e5ae   Data           2  os_dbg.o(.constdata)
    OSFlagNodeSize                           0x0800e5b0   Data           2  os_dbg.o(.constdata)
    OSFlagWidth                              0x0800e5b2   Data           2  os_dbg.o(.constdata)
    OSFlagMax                                0x0800e5b4   Data           2  os_dbg.o(.constdata)
    OSFlagNameEn                             0x0800e5b6   Data           2  os_dbg.o(.constdata)
    OSLowestPrio                             0x0800e5b8   Data           2  os_dbg.o(.constdata)
    OSMboxEn                                 0x0800e5ba   Data           2  os_dbg.o(.constdata)
    OSMemEn                                  0x0800e5bc   Data           2  os_dbg.o(.constdata)
    OSMemMax                                 0x0800e5be   Data           2  os_dbg.o(.constdata)
    OSMemNameEn                              0x0800e5c0   Data           2  os_dbg.o(.constdata)
    OSMemSize                                0x0800e5c2   Data           2  os_dbg.o(.constdata)
    OSMemTblSize                             0x0800e5c4   Data           2  os_dbg.o(.constdata)
    OSMutexEn                                0x0800e5c6   Data           2  os_dbg.o(.constdata)
    OSPtrSize                                0x0800e5c8   Data           2  os_dbg.o(.constdata)
    OSQEn                                    0x0800e5ca   Data           2  os_dbg.o(.constdata)
    OSQMax                                   0x0800e5cc   Data           2  os_dbg.o(.constdata)
    OSQSize                                  0x0800e5ce   Data           2  os_dbg.o(.constdata)
    OSRdyTblSize                             0x0800e5d0   Data           2  os_dbg.o(.constdata)
    OSSemEn                                  0x0800e5d2   Data           2  os_dbg.o(.constdata)
    OSStkWidth                               0x0800e5d4   Data           2  os_dbg.o(.constdata)
    OSTaskCreateEn                           0x0800e5d6   Data           2  os_dbg.o(.constdata)
    OSTaskCreateExtEn                        0x0800e5d8   Data           2  os_dbg.o(.constdata)
    OSTaskDelEn                              0x0800e5da   Data           2  os_dbg.o(.constdata)
    OSTaskIdleStkSize                        0x0800e5dc   Data           2  os_dbg.o(.constdata)
    OSTaskProfileEn                          0x0800e5de   Data           2  os_dbg.o(.constdata)
    OSTaskMax                                0x0800e5e0   Data           2  os_dbg.o(.constdata)
    OSTaskNameEn                             0x0800e5e2   Data           2  os_dbg.o(.constdata)
    OSTaskStatEn                             0x0800e5e4   Data           2  os_dbg.o(.constdata)
    OSTaskStatStkSize                        0x0800e5e6   Data           2  os_dbg.o(.constdata)
    OSTaskStatStkChkEn                       0x0800e5e8   Data           2  os_dbg.o(.constdata)
    OSTaskSwHookEn                           0x0800e5ea   Data           2  os_dbg.o(.constdata)
    OSTaskRegTblSize                         0x0800e5ec   Data           2  os_dbg.o(.constdata)
    OSTCBPrioTblMax                          0x0800e5ee   Data           2  os_dbg.o(.constdata)
    OSTCBSize                                0x0800e5f0   Data           2  os_dbg.o(.constdata)
    OSTicksPerSec                            0x0800e5f2   Data           2  os_dbg.o(.constdata)
    OSTimeTickHookEn                         0x0800e5f4   Data           2  os_dbg.o(.constdata)
    OSVersionNbr                             0x0800e5f6   Data           2  os_dbg.o(.constdata)
    OSTmrEn                                  0x0800e5f8   Data           2  os_dbg.o(.constdata)
    OSTmrCfgMax                              0x0800e5fa   Data           2  os_dbg.o(.constdata)
    OSTmrCfgNameEn                           0x0800e5fc   Data           2  os_dbg.o(.constdata)
    OSTmrCfgWheelSize                        0x0800e5fe   Data           2  os_dbg.o(.constdata)
    OSTmrCfgTicksPerSec                      0x0800e600   Data           2  os_dbg.o(.constdata)
    OSTmrSize                                0x0800e602   Data           2  os_dbg.o(.constdata)
    OSTmrTblSize                             0x0800e604   Data           2  os_dbg.o(.constdata)
    OSTmrWheelSize                           0x0800e606   Data           2  os_dbg.o(.constdata)
    OSTmrWheelTblSize                        0x0800e608   Data           2  os_dbg.o(.constdata)
    OSDataSize                               0x0800e60a   Data           2  os_dbg.o(.constdata)
    OSUnMapTbl                               0x0800e60c   Data         256  os_core.o(.constdata)
    __mathlib_zero                           0x0800e9a0   Data           8  qnan.o(.constdata)
    Region$$Table$$Base                      0x0800eab8   Number         0  anon$$obj.o(Region$$Table)
    Region$$Table$$Limit                     0x0800ead8   Number         0  anon$$obj.o(Region$$Table)
    PeriodSem                                0x20000000   Data           4  task.o(.data)
    status                                   0x20000004   Data           1  task.o(.data)
    cnt                                      0x20000008   Data           4  task.o(.data)
    servo_cnt                                0x2000000c   Data           4  stm32f4xx_it.o(.data)
    pwm_compare                              0x20000010   Data           4  stm32f4xx_it.o(.data)
    data                                     0x20000014   Data           1  stm32f4xx_it.o(.data)
    check_num                                0x20000018   Data           4  stm32f4xx_it.o(.data)
    direction_buff                           0x2000001c   Data           5  stm32f4xx_it.o(.data)
    cameraData_buff                          0x20000021   Data           5  stm32f4xx_it.o(.data)
    pose_buff                                0x20000026   Data           1  stm32f4xx_it.o(.data)
    speed_buff                               0x20000027   Data           3  stm32f4xx_it.o(.data)
    stop_flag                                0x2000002a   Data           1  stm32f4xx_it.o(.data)
    stopFlag                                 0x2000002b   Data           1  stm32f4xx_it.o(.data)
    camera_posx                              0x2000002c   Data           4  stm32f4xx_it.o(.data)
    camera_posy                              0x20000030   Data           4  stm32f4xx_it.o(.data)
    camera_posz                              0x20000034   Data           4  stm32f4xx_it.o(.data)
    debug                                    0x20000050   Data           4  movebase.o(.data)
    paramA                                   0x20000054   Data           4  movebase.o(.data)
    paramB                                   0x20000058   Data           4  movebase.o(.data)
    outputA                                  0x20000060   Data           8  movebase.o(.data)
    outputB                                  0x20000068   Data           8  movebase.o(.data)
    outputC                                  0x20000070   Data           8  movebase.o(.data)
    SystemCoreClock                          0x20000090   Data           4  system_stm32f4xx.o(.data)
    AHBPrescTable                            0x20000094   Data          16  system_stm32f4xx.o(.data)
    OS_CPU_ExceptStkBase                     0x200000a4   Data           4  os_cpu_c.o(.data)
    OSCtxSwCtr                               0x200000ac   Data           4  os_core.o(.data)
    OSEventFreeList                          0x200000b0   Data           4  os_core.o(.data)
    OSFlagFreeList                           0x200000b4   Data           4  os_core.o(.data)
    OSCPUUsage                               0x200000b8   Data           1  os_core.o(.data)
    OSIdleCtrMax                             0x200000bc   Data           4  os_core.o(.data)
    OSIdleCtrRun                             0x200000c0   Data           4  os_core.o(.data)
    OSStatRdy                                0x200000c4   Data           1  os_core.o(.data)
    OSIntNesting                             0x200000c5   Data           1  os_core.o(.data)
    OSLockNesting                            0x200000c6   Data           1  os_core.o(.data)
    OSPrioCur                                0x200000c7   Data           1  os_core.o(.data)
    OSPrioHighRdy                            0x200000c8   Data           1  os_core.o(.data)
    OSRdyGrp                                 0x200000c9   Data           1  os_core.o(.data)
    OSRdyTbl                                 0x200000ca   Data           8  os_core.o(.data)
    OSRunning                                0x200000d2   Data           1  os_core.o(.data)
    OSTaskCtr                                0x200000d3   Data           1  os_core.o(.data)
    OSIdleCtr                                0x200000d4   Data           4  os_core.o(.data)
    OSTCBCur                                 0x200000d8   Data           4  os_core.o(.data)
    OSTCBFreeList                            0x200000dc   Data           4  os_core.o(.data)
    OSTCBHighRdy                             0x200000e0   Data           4  os_core.o(.data)
    OSTCBList                                0x200000e4   Data           4  os_core.o(.data)
    OSTickStepState                          0x200000e8   Data           1  os_core.o(.data)
    OSMemFreeList                            0x200000ec   Data           4  os_core.o(.data)
    OSQFreeList                              0x200000f0   Data           4  os_core.o(.data)
    OSTime                                   0x200000f4   Data           4  os_core.o(.data)
    OSTmrFree                                0x200000f8   Data           2  os_core.o(.data)
    OSTmrUsed                                0x200000fa   Data           2  os_core.o(.data)
    OSTmrTime                                0x200000fc   Data           4  os_core.o(.data)
    OSTmrSem                                 0x20000100   Data           4  os_core.o(.data)
    OSTmrSemSignal                           0x20000104   Data           4  os_core.o(.data)
    OSTmrFreeList                            0x20000108   Data           4  os_core.o(.data)
    getdata                                  0x2000111c   Data          32  stm32f4xx_it.o(.bss)
    check_buf                                0x2000113c   Data         100  stm32f4xx_it.o(.bss)
    cameraInfo                               0x200011a0   Data          36  stm32f4xx_it.o(.bss)
    wheelSpeed                               0x20001218   Data          12  movebase.o(.bss)
    OS_CPU_ExceptStk                         0x20001224   Data         512  os_cpu_c.o(.bss)
    OSEventTbl                               0x20001424   Data        1440  os_core.o(.bss)
    OSFlagTbl                                0x200019c4   Data          80  os_core.o(.bss)
    OSTaskStatStk                            0x20001a14   Data         512  os_core.o(.bss)
    OSTaskIdleStk                            0x20001c14   Data         512  os_core.o(.bss)
    OSTCBPrioTbl                             0x20001e14   Data         256  os_core.o(.bss)
    OSTCBTbl                                 0x20001f14   Data        2816  os_core.o(.bss)
    OSMemTbl                                 0x20002a14   Data         120  os_core.o(.bss)
    OSQTbl                                   0x20002a8c   Data          96  os_core.o(.bss)
    OSTmrTbl                                 0x20002aec   Data         640  os_core.o(.bss)
    OSTmrTaskStk                             0x20002d6c   Data         512  os_core.o(.bss)
    OSTmrWheelTbl                            0x20002f6c   Data          64  os_core.o(.bss)
    __libspace_start                         0x20002fac   Data          96  libspace.o(.bss)
    __temporary_stack_top$libspace           0x2000300c   Data           0  libspace.o(.bss)



==============================================================================

Memory Map of the image

  Image Entry point : 0x08000189

  Load Region LR_IROM1 (Base: 0x08000000, Size: 0x0000ebf4, Max: 0x00080000, ABSOLUTE)

    Execution Region ER_IROM1 (Exec base: 0x08000000, Load base: 0x08000000, Size: 0x0000ead8, Max: 0x00080000, ABSOLUTE)

    Exec Addr    Load Addr    Size         Type   Attr      Idx    E Section Name        Object

    0x08000000   0x08000000   0x00000188   Data   RO          423    RESET               startup_stm32f4xx.o
    0x08000188   0x08000188   0x00000008   Code   RO          945  * !!!main             c_w.l(__main.o)
    0x08000190   0x08000190   0x00000034   Code   RO         1348    !!!scatter          c_w.l(__scatter.o)
    0x080001c4   0x080001c4   0x0000001a   Code   RO         1350    !!handler_copy      c_w.l(__scatter_copy.o)
    0x080001de   0x080001de   0x00000002   PAD
    0x080001e0   0x080001e0   0x0000001c   Code   RO         1352    !!handler_zi        c_w.l(__scatter_zi.o)
    0x080001fc   0x080001fc   0x00000002   Code   RO         1217    .ARM.Collect$$libinit$$00000000  c_w.l(libinit.o)
    0x080001fe   0x080001fe   0x00000004   Code   RO         1222    .ARM.Collect$$libinit$$00000001  c_w.l(libinit2.o)
    0x08000202   0x08000202   0x00000000   Code   RO         1225    .ARM.Collect$$libinit$$00000004  c_w.l(libinit2.o)
    0x08000202   0x08000202   0x00000000   Code   RO         1228    .ARM.Collect$$libinit$$0000000A  c_w.l(libinit2.o)
    0x08000202   0x08000202   0x00000000   Code   RO         1230    .ARM.Collect$$libinit$$0000000C  c_w.l(libinit2.o)
    0x08000202   0x08000202   0x00000000   Code   RO         1232    .ARM.Collect$$libinit$$0000000E  c_w.l(libinit2.o)
    0x08000202   0x08000202   0x00000000   Code   RO         1235    .ARM.Collect$$libinit$$00000011  c_w.l(libinit2.o)
    0x08000202   0x08000202   0x00000000   Code   RO         1237    .ARM.Collect$$libinit$$00000013  c_w.l(libinit2.o)
    0x08000202   0x08000202   0x00000000   Code   RO         1239    .ARM.Collect$$libinit$$00000015  c_w.l(libinit2.o)
    0x08000202   0x08000202   0x00000000   Code   RO         1241    .ARM.Collect$$libinit$$00000017  c_w.l(libinit2.o)
    0x08000202   0x08000202   0x00000000   Code   RO         1243    .ARM.Collect$$libinit$$00000019  c_w.l(libinit2.o)
    0x08000202   0x08000202   0x00000000   Code   RO         1245    .ARM.Collect$$libinit$$0000001B  c_w.l(libinit2.o)
    0x08000202   0x08000202   0x00000000   Code   RO         1247    .ARM.Collect$$libinit$$0000001D  c_w.l(libinit2.o)
    0x08000202   0x08000202   0x00000000   Code   RO         1249    .ARM.Collect$$libinit$$0000001F  c_w.l(libinit2.o)
    0x08000202   0x08000202   0x00000000   Code   RO         1251    .ARM.Collect$$libinit$$00000021  c_w.l(libinit2.o)
    0x08000202   0x08000202   0x00000000   Code   RO         1253    .ARM.Collect$$libinit$$00000023  c_w.l(libinit2.o)
    0x08000202   0x08000202   0x00000000   Code   RO         1255    .ARM.Collect$$libinit$$00000025  c_w.l(libinit2.o)
    0x08000202   0x08000202   0x00000000   Code   RO         1259    .ARM.Collect$$libinit$$0000002C  c_w.l(libinit2.o)
    0x08000202   0x08000202   0x00000000   Code   RO         1261    .ARM.Collect$$libinit$$0000002E  c_w.l(libinit2.o)
    0x08000202   0x08000202   0x00000000   Code   RO         1263    .ARM.Collect$$libinit$$00000030  c_w.l(libinit2.o)
    0x08000202   0x08000202   0x00000000   Code   RO         1265    .ARM.Collect$$libinit$$00000032  c_w.l(libinit2.o)
    0x08000202   0x08000202   0x00000002   Code   RO         1266    .ARM.Collect$$libinit$$00000033  c_w.l(libinit2.o)
    0x08000204   0x08000204   0x00000002   Code   RO         1288    .ARM.Collect$$libshutdown$$00000000  c_w.l(libshutdown.o)
    0x08000206   0x08000206   0x00000000   Code   RO         1301    .ARM.Collect$$libshutdown$$00000002  c_w.l(libshutdown2.o)
    0x08000206   0x08000206   0x00000000   Code   RO         1303    .ARM.Collect$$libshutdown$$00000004  c_w.l(libshutdown2.o)
    0x08000206   0x08000206   0x00000000   Code   RO         1306    .ARM.Collect$$libshutdown$$00000007  c_w.l(libshutdown2.o)
    0x08000206   0x08000206   0x00000000   Code   RO         1309    .ARM.Collect$$libshutdown$$0000000A  c_w.l(libshutdown2.o)
    0x08000206   0x08000206   0x00000000   Code   RO         1311    .ARM.Collect$$libshutdown$$0000000C  c_w.l(libshutdown2.o)
    0x08000206   0x08000206   0x00000000   Code   RO         1314    .ARM.Collect$$libshutdown$$0000000F  c_w.l(libshutdown2.o)
    0x08000206   0x08000206   0x00000002   Code   RO         1315    .ARM.Collect$$libshutdown$$00000010  c_w.l(libshutdown2.o)
    0x08000208   0x08000208   0x00000000   Code   RO         1109    .ARM.Collect$$rtentry$$00000000  c_w.l(__rtentry.o)
    0x08000208   0x08000208   0x00000000   Code   RO         1184    .ARM.Collect$$rtentry$$00000002  c_w.l(__rtentry2.o)
    0x08000208   0x08000208   0x00000006   Code   RO         1196    .ARM.Collect$$rtentry$$00000004  c_w.l(__rtentry4.o)
    0x0800020e   0x0800020e   0x00000000   Code   RO         1186    .ARM.Collect$$rtentry$$00000009  c_w.l(__rtentry2.o)
    0x0800020e   0x0800020e   0x00000004   Code   RO         1187    .ARM.Collect$$rtentry$$0000000A  c_w.l(__rtentry2.o)
    0x08000212   0x08000212   0x00000000   Code   RO         1189    .ARM.Collect$$rtentry$$0000000C  c_w.l(__rtentry2.o)
    0x08000212   0x08000212   0x00000008   Code   RO         1190    .ARM.Collect$$rtentry$$0000000D  c_w.l(__rtentry2.o)
    0x0800021a   0x0800021a   0x00000002   Code   RO         1220    .ARM.Collect$$rtexit$$00000000  c_w.l(rtexit.o)
    0x0800021c   0x0800021c   0x00000000   Code   RO         1270    .ARM.Collect$$rtexit$$00000002  c_w.l(rtexit2.o)
    0x0800021c   0x0800021c   0x00000004   Code   RO         1271    .ARM.Collect$$rtexit$$00000003  c_w.l(rtexit2.o)
    0x08000220   0x08000220   0x00000006   Code   RO         1272    .ARM.Collect$$rtexit$$00000004  c_w.l(rtexit2.o)
    0x08000226   0x08000226   0x00000002   PAD
    0x08000228   0x08000228   0x00000074   Code   RO            4    .text               main.o
    0x0800029c   0x0800029c   0x00000210   Code   RO          102    .text               task.o
    0x080004ac   0x080004ac   0x00000c34   Code   RO          174    .text               stm32f4xx_it.o
    0x080010e0   0x080010e0   0x00000718   Code   RO          203    .text               timer.o
    0x080017f8   0x080017f8   0x000005d8   Code   RO          252    .text               usart.o
    0x08001dd0   0x08001dd0   0x00000fb0   Code   RO          283    .text               elmo.o
    0x08002d80   0x08002d80   0x00000458   Code   RO          308    .text               can.o
    0x080031d8   0x080031d8   0x00000340   Code   RO          335    .text               pps.o
    0x08003518   0x08003518   0x00001aa4   Code   RO          365    .text               movebase.o
    0x08004fbc   0x08004fbc   0x00000210   Code   RO          394    .text               system_stm32f4xx.o
    0x080051cc   0x080051cc   0x00000050   Code   RO          424    .text               startup_stm32f4xx.o
    0x0800521c   0x0800521c   0x000002c8   Code   RO          431    .text               os_cpu_c.o
    0x080054e4   0x080054e4   0x000000b8   Code   RO          463    .text               os_cpu_a.o
    0x0800559c   0x0800559c   0x0000015c   Code   RO          466    .text               os_dbg.o
    0x080056f8   0x080056f8   0x00000d50   Code   RO          481    .text               os_core.o
    0x08006448   0x08006448   0x00000864   Code   RO          501    .text               os_flag.o
    0x08006cac   0x08006cac   0x00000258   Code   RO          525    .text               os_mem.o
    0x08006f04   0x08006f04   0x00000654   Code   RO          549    .text               os_q.o
    0x08007558   0x08007558   0x000003e0   Code   RO          561    .text               os_sem.o
    0x08007938   0x08007938   0x0000090c   Code   RO          573    .text               os_task.o
    0x08008244   0x08008244   0x000001d4   Code   RO          585    .text               os_time.o
    0x08008418   0x08008418   0x000006e0   Code   RO          597    .text               os_tmr.o
    0x08008af8   0x08008af8   0x00000012   Code   RO          612    .text               os_apphooks.o
    0x08008b0a   0x08008b0a   0x00000002   PAD
    0x08008b0c   0x08008b0c   0x0000025c   Code   RO          636    .text               stm32f4xx_gpio.o
    0x08008d68   0x08008d68   0x00000588   Code   RO          660    .text               stm32f4xx_rcc.o
    0x080092f0   0x080092f0   0x000000e0   Code   RO          686    .text               misc.o
    0x080093d0   0x080093d0   0x00000ca2   Code   RO          710    .text               stm32f4xx_tim.o
    0x0800a072   0x0800a072   0x00000002   PAD
    0x0800a074   0x0800a074   0x0000043e   Code   RO          734    .text               stm32f4xx_usart.o
    0x0800a4b2   0x0800a4b2   0x00000002   PAD
    0x0800a4b4   0x0800a4b4   0x000009f0   Code   RO          758    .text               stm32f4xx_can.o
    0x0800aea4   0x0800aea4   0x00000006   Code   RO          943    .text               c_w.l(heapauxi.o)
    0x0800aeaa   0x0800aeaa   0x00000016   Code   RO         1110    .text               c_w.l(_rserrno.o)
    0x0800aec0   0x0800aec0   0x00000008   Code   RO         1201    .text               c_w.l(rt_errno_addr_intlibspace.o)
    0x0800aec8   0x0800aec8   0x00000008   Code   RO         1205    .text               c_w.l(libspace.o)
    0x0800aed0   0x0800aed0   0x0000004a   Code   RO         1208    .text               c_w.l(sys_stackheap_outer.o)
    0x0800af1a   0x0800af1a   0x00000012   Code   RO         1210    .text               c_w.l(exit.o)
    0x0800af2c   0x0800af2c   0x0000000c   Code   RO         1280    .text               c_w.l(sys_exit.o)
    0x0800af38   0x0800af38   0x00000002   Code   RO         1291    .text               c_w.l(use_no_semi.o)
    0x0800af3a   0x0800af3a   0x00000000   Code   RO         1293    .text               c_w.l(indicate_semi.o)
    0x0800af3a   0x0800af3a   0x00000030   Code   RO         1148    i.__ARM_fpclassify  m_wm.l(fpclassify.o)
    0x0800af6a   0x0800af6a   0x00000026   Code   RO         1150    i.__ARM_fpclassifyf  m_wm.l(fpclassifyf.o)
    0x0800af90   0x0800af90   0x000002d8   Code   RO          977    i.__hardfp_atan     m_wm.l(atan.o)
    0x0800b268   0x0800b268   0x000001f0   Code   RO          991    i.__hardfp_atan2    m_wm.l(atan2.o)
    0x0800b458   0x0800b458   0x000000c8   Code   RO         1003    i.__hardfp_cos      m_wm.l(cos.o)
    0x0800b520   0x0800b520   0x00000150   Code   RO         1015    i.__hardfp_cosf     m_wm.l(cosf.o)
    0x0800b670   0x0800b670   0x00000014   Code   RO         1027    i.__hardfp_fabs     m_wm.l(fabs.o)
    0x0800b684   0x0800b684   0x00000004   PAD
    0x0800b688   0x0800b688   0x00000c50   Code   RO         1033    i.__hardfp_pow      m_wm.l(pow.o)
    0x0800c2d8   0x0800c2d8   0x00000664   Code   RO         1047    i.__hardfp_powf     m_wm.l(powf.o)
    0x0800c93c   0x0800c93c   0x00000004   PAD
    0x0800c940   0x0800c940   0x000000c8   Code   RO         1061    i.__hardfp_sin      m_wm.l(sin.o)
    0x0800ca08   0x0800ca08   0x00000190   Code   RO         1073    i.__hardfp_sinf     m_wm.l(sinf.o)
    0x0800cb98   0x0800cb98   0x0000007a   Code   RO         1085    i.__hardfp_sqrt     m_wm.l(sqrt.o)
    0x0800cc12   0x0800cc12   0x0000003a   Code   RO         1097    i.__hardfp_sqrtf    m_wm.l(sqrtf.o)
    0x0800cc4c   0x0800cc4c   0x00000004   PAD
    0x0800cc50   0x0800cc50   0x00000438   Code   RO         1169    i.__ieee754_rem_pio2  m_wm.l(rred.o)
    0x0800d088   0x0800d088   0x00000170   Code   RO         1131    i.__kernel_cos      m_wm.l(cos_i.o)
    0x0800d1f8   0x0800d1f8   0x000000f8   Code   RO         1166    i.__kernel_poly     m_wm.l(poly.o)
    0x0800d2f0   0x0800d2f0   0x00000130   Code   RO         1177    i.__kernel_sin      m_wm.l(sin_i.o)
    0x0800d420   0x0800d420   0x00000030   Code   RO         1134    i.__mathlib_dbl_divzero  m_wm.l(dunder.o)
    0x0800d450   0x0800d450   0x00000014   Code   RO         1135    i.__mathlib_dbl_infnan  m_wm.l(dunder.o)
    0x0800d464   0x0800d464   0x00000014   Code   RO         1136    i.__mathlib_dbl_infnan2  m_wm.l(dunder.o)
    0x0800d478   0x0800d478   0x00000020   Code   RO         1137    i.__mathlib_dbl_invalid  m_wm.l(dunder.o)
    0x0800d498   0x0800d498   0x00000020   Code   RO         1138    i.__mathlib_dbl_overflow  m_wm.l(dunder.o)
    0x0800d4b8   0x0800d4b8   0x00000020   Code   RO         1140    i.__mathlib_dbl_underflow  m_wm.l(dunder.o)
    0x0800d4d8   0x0800d4d8   0x00000014   Code   RO         1152    i.__mathlib_flt_divzero  m_wm.l(funder.o)
    0x0800d4ec   0x0800d4ec   0x00000006   Code   RO         1153    i.__mathlib_flt_infnan  m_wm.l(funder.o)
    0x0800d4f2   0x0800d4f2   0x00000006   Code   RO         1154    i.__mathlib_flt_infnan2  m_wm.l(funder.o)
    0x0800d4f8   0x0800d4f8   0x00000010   Code   RO         1155    i.__mathlib_flt_invalid  m_wm.l(funder.o)
    0x0800d508   0x0800d508   0x00000010   Code   RO         1156    i.__mathlib_flt_overflow  m_wm.l(funder.o)
    0x0800d518   0x0800d518   0x00000010   Code   RO         1158    i.__mathlib_flt_underflow  m_wm.l(funder.o)
    0x0800d528   0x0800d528   0x00000154   Code   RO         1174    i.__mathlib_rredf2  m_wm.l(rredf.o)
    0x0800d67c   0x0800d67c   0x00000010   Code   RO          979    i.atan              m_wm.l(atan.o)
    0x0800d68c   0x0800d68c   0x00000018   Code   RO         1029    i.fabs              m_wm.l(fabs.o)
    0x0800d6a4   0x0800d6a4   0x0000006e   Code   RO         1087    i.sqrt              m_wm.l(sqrt.o)
    0x0800d712   0x0800d712   0x00000018   Code   RO         1112    x$fpl$basic         fz_wm.l(basic.o)
    0x0800d72a   0x0800d72a   0x00000002   PAD
    0x0800d72c   0x0800d72c   0x00000062   Code   RO          947    x$fpl$d2f           fz_wm.l(d2f.o)
    0x0800d78e   0x0800d78e   0x00000002   PAD
    0x0800d790   0x0800d790   0x00000150   Code   RO          949    x$fpl$dadd          fz_wm.l(daddsub_clz.o)
    0x0800d8e0   0x0800d8e0   0x00000010   Code   RO         1203    x$fpl$dcheck1       fz_wm.l(dcheck1.o)
    0x0800d8f0   0x0800d8f0   0x00000018   Code   RO         1114    x$fpl$dcmpinf       fz_wm.l(dcmpi.o)
    0x0800d908   0x0800d908   0x000002b0   Code   RO          956    x$fpl$ddiv          fz_wm.l(ddiv.o)
    0x0800dbb8   0x0800dbb8   0x0000005e   Code   RO          959    x$fpl$dfix          fz_wm.l(dfix.o)
    0x0800dc16   0x0800dc16   0x0000002e   Code   RO          964    x$fpl$dflt          fz_wm.l(dflt_clz.o)
    0x0800dc44   0x0800dc44   0x00000026   Code   RO          963    x$fpl$dfltu         fz_wm.l(dflt_clz.o)
    0x0800dc6a   0x0800dc6a   0x00000002   PAD
    0x0800dc6c   0x0800dc6c   0x00000078   Code   RO          969    x$fpl$dleqf         fz_wm.l(dleqf.o)
    0x0800dce4   0x0800dce4   0x00000154   Code   RO          971    x$fpl$dmul          fz_wm.l(dmul.o)
    0x0800de38   0x0800de38   0x0000009c   Code   RO         1116    x$fpl$dnaninf       fz_wm.l(dnaninf.o)
    0x0800ded4   0x0800ded4   0x0000000c   Code   RO         1118    x$fpl$dretinf       fz_wm.l(dretinf.o)
    0x0800dee0   0x0800dee0   0x0000006c   Code   RO          973    x$fpl$drleqf        fz_wm.l(drleqf.o)
    0x0800df4c   0x0800df4c   0x00000016   Code   RO          950    x$fpl$drsb          fz_wm.l(daddsub_clz.o)
    0x0800df62   0x0800df62   0x00000002   PAD
    0x0800df64   0x0800df64   0x00000198   Code   RO         1120    x$fpl$dsqrt         fz_wm.l(dsqrt_umaal.o)
    0x0800e0fc   0x0800e0fc   0x000001d4   Code   RO          951    x$fpl$dsub          fz_wm.l(daddsub_clz.o)
    0x0800e2d0   0x0800e2d0   0x00000056   Code   RO          975    x$fpl$f2d           fz_wm.l(f2d.o)
    0x0800e326   0x0800e326   0x0000008c   Code   RO         1122    x$fpl$fnaninf       fz_wm.l(fnaninf.o)
    0x0800e3b2   0x0800e3b2   0x0000000a   Code   RO         1278    x$fpl$fpinit        fz_wm.l(fpinit.o)
    0x0800e3bc   0x0800e3bc   0x0000000a   Code   RO         1124    x$fpl$fretinf       fz_wm.l(fretinf.o)
    0x0800e3c6   0x0800e3c6   0x00000064   Code   RO         1218    x$fpl$retnan        fz_wm.l(retnan.o)
    0x0800e42a   0x0800e42a   0x0000005c   Code   RO         1128    x$fpl$scalbn        fz_wm.l(scalbn.o)
    0x0800e486   0x0800e486   0x00000030   Code   RO         1267    x$fpl$trapveneer    fz_wm.l(trapv.o)
    0x0800e4b6   0x0800e4b6   0x00000000   Code   RO         1130    x$fpl$usenofp       fz_wm.l(usenofp.o)
    0x0800e4b6   0x0800e4b6   0x00000002   PAD
    0x0800e4b8   0x0800e4b8   0x000000e0   Data   RO          284    .constdata          elmo.o
    0x0800e598   0x0800e598   0x00000074   Data   RO          467    .constdata          os_dbg.o
    0x0800e60c   0x0800e60c   0x00000100   Data   RO          483    .constdata          os_core.o
    0x0800e70c   0x0800e70c   0x00000004   PAD
    0x0800e710   0x0800e710   0x00000098   Data   RO          980    .constdata          m_wm.l(atan.o)
    0x0800e7a8   0x0800e7a8   0x00000088   Data   RO         1036    .constdata          m_wm.l(pow.o)
    0x0800e830   0x0800e830   0x00000140   Data   RO         1050    .constdata          m_wm.l(powf.o)
    0x0800e970   0x0800e970   0x00000030   Data   RO         1132    .constdata          m_wm.l(cos_i.o)
    0x0800e9a0   0x0800e9a0   0x00000008   Data   RO         1168    .constdata          m_wm.l(qnan.o)
    0x0800e9a8   0x0800e9a8   0x000000c8   Data   RO         1171    .constdata          m_wm.l(rred.o)
    0x0800ea70   0x0800ea70   0x00000020   Data   RO         1175    .constdata          m_wm.l(rredf.o)
    0x0800ea90   0x0800ea90   0x00000028   Data   RO         1178    .constdata          m_wm.l(sin_i.o)
    0x0800eab8   0x0800eab8   0x00000020   Data   RO         1346    Region$$Table       anon$$obj.o


    Execution Region RW_IRAM1 (Exec base: 0x20000000, Load base: 0x0800ead8, Size: 0x00003610, Max: 0x00020000, ABSOLUTE)

    Exec Addr    Load Addr    Size         Type   Attr      Idx    E Section Name        Object

    0x20000000   0x0800ead8   0x0000000c   Data   RW          104    .data               task.o
    0x2000000c   0x0800eae4   0x0000003e   Data   RW          176    .data               stm32f4xx_it.o
    0x2000004a   0x0800eb22   0x00000004   Data   RW          337    .data               pps.o
    0x2000004e   0x0800eb26   0x00000002   PAD
    0x20000050   0x0800eb28   0x0000003e   Data   RW          367    .data               movebase.o
    0x2000008e   0x0800eb66   0x00000002   PAD
    0x20000090   0x0800eb68   0x00000014   Data   RW          395    .data               system_stm32f4xx.o
    0x200000a4   0x0800eb7c   0x00000006   Data   RW          433    .data               os_cpu_c.o
    0x200000aa   0x0800eb82   0x00000002   PAD
    0x200000ac   0x0800eb84   0x00000060   Data   RW          484    .data               os_core.o
    0x2000010c   0x0800ebe4   0x00000010   Data   RW          661    .data               stm32f4xx_rcc.o
    0x2000011c        -       0x00000400   Zero   RW            5    .bss                main.o
    0x2000051c        -       0x00000c00   Zero   RW          103    .bss                task.o
    0x2000111c        -       0x000000cc   Zero   RW          175    .bss                stm32f4xx_it.o
    0x200011e8        -       0x00000030   Zero   RW          336    .bss                pps.o
    0x20001218        -       0x0000000c   Zero   RW          366    .bss                movebase.o
    0x20001224        -       0x00000200   Zero   RW          432    .bss                os_cpu_c.o
    0x20001424        -       0x00001b88   Zero   RW          482    .bss                os_core.o
    0x20002fac        -       0x00000060   Zero   RW         1206    .bss                c_w.l(libspace.o)
    0x2000300c   0x0800ebf4   0x00000004   PAD
    0x20003010        -       0x00000200   Zero   RW          422    HEAP                startup_stm32f4xx.o
    0x20003210        -       0x00000400   Zero   RW          421    STACK               startup_stm32f4xx.o


==============================================================================

Image component sizes


      Code (inc. data)   RO Data    RW Data    ZI Data      Debug   Object Name

      1112         16          0          0          0       2905   can.o
      4016         18        224          0          0      13377   elmo.o
       116         18          0          0       1024     229938   main.o
       224         20          0          0          0       1953   misc.o
      6820        452          0         62         12       8724   movebase.o
        18          0          0          0          0       1515   os_apphooks.o
      3408        290        256         96       7048      19411   os_core.o
       184         32          0          0          0        312   os_cpu_a.o
       712         28          0          6        512      12367   os_cpu_c.o
       348        230        116          0          0       3374   os_dbg.o
      2148         44          0          0          0       7320   os_flag.o
       600         16          0          0          0       3492   os_mem.o
      1620         34          0          0          0       5997   os_q.o
       992         22          0          0          0       4154   os_sem.o
      2316         76          0          0          0       8473   os_task.o
       468         28          0          0          0       1926   os_time.o
      1760        132          0          0          0       5869   os_tmr.o
       832         50          0          4         48       3851   pps.o
        80         32        392          0       1536        872   startup_stm32f4xx.o
      2544         38          0          0          0       8276   stm32f4xx_can.o
       604         36          0          0          0       4257   stm32f4xx_gpio.o
      3124        276          0         62        204       7445   stm32f4xx_it.o
      1416         48          0         16          0      11195   stm32f4xx_rcc.o
      3234         60          0          0          0      23144   stm32f4xx_tim.o
      1086         26          0          0          0       8056   stm32f4xx_usart.o
       528         46          0         20          0       1847   system_stm32f4xx.o
       528         86          0         12       3072      59153   task.o
      1816         34          0          0          0       3945   timer.o
      1496         44          0          0          0       6361   usart.o

    ----------------------------------------------------------------------
     44156       2232       1024        284      13456     469509   Object Totals
         0          0         32          0          0          0   (incl. Generated)
         6          0          4          6          0          0   (incl. Padding)

    ----------------------------------------------------------------------

      Code (inc. data)   RO Data    RW Data    ZI Data      Debug   Library Member Name

         8          0          0          0          0         68   __main.o
         0          0          0          0          0          0   __rtentry.o
        12          0          0          0          0          0   __rtentry2.o
         6          0          0          0          0          0   __rtentry4.o
        52          8          0          0          0          0   __scatter.o
        26          0          0          0          0          0   __scatter_copy.o
        28          0          0          0          0          0   __scatter_zi.o
        22          0          0          0          0        100   _rserrno.o
        18          0          0          0          0         80   exit.o
         6          0          0          0          0        152   heapauxi.o
         0          0          0          0          0          0   indicate_semi.o
         2          0          0          0          0          0   libinit.o
         6          0          0          0          0          0   libinit2.o
         2          0          0          0          0          0   libshutdown.o
         2          0          0          0          0          0   libshutdown2.o
         8          4          0          0         96         68   libspace.o
         8          4          0          0          0         68   rt_errno_addr_intlibspace.o
         2          0          0          0          0          0   rtexit.o
        10          0          0          0          0          0   rtexit2.o
        12          4          0          0          0         68   sys_exit.o
        74          0          0          0          0         80   sys_stackheap_outer.o
         2          0          0          0          0         68   use_no_semi.o
        24          0          0          0          0        164   basic.o
        98          4          0          0          0        140   d2f.o
       826         16          0          0          0        492   daddsub_clz.o
        16          4          0          0          0        116   dcheck1.o
        24          0          0          0          0        116   dcmpi.o
       688        140          0          0          0        256   ddiv.o
        94          4          0          0          0        140   dfix.o
        84          0          0          0          0        232   dflt_clz.o
       120          4          0          0          0        140   dleqf.o
       340         12          0          0          0        152   dmul.o
       156          4          0          0          0        140   dnaninf.o
        12          0          0          0          0        116   dretinf.o
       108          0          0          0          0        128   drleqf.o
       408         56          0          0          0        168   dsqrt_umaal.o
        86          4          0          0          0        132   f2d.o
       140          4          0          0          0        132   fnaninf.o
        10          0          0          0          0        116   fpinit.o
        10          0          0          0          0        116   fretinf.o
       100          0          0          0          0        116   retnan.o
        92          0          0          0          0        116   scalbn.o
        48          0          0          0          0        116   trapv.o
         0          0          0          0          0          0   usenofp.o
       744        106        152          0          0        352   atan.o
       496         64          0          0          0        192   atan2.o
       200         20          0          0          0        164   cos.o
       368         46         48          0          0        200   cos_i.o
       336         56          0          0          0        136   cosf.o
       184         44          0          0          0        744   dunder.o
        44          0          0          0          0        248   fabs.o
        48          0          0          0          0        124   fpclassify.o
        38          0          0          0          0        116   fpclassifyf.o
        80         24          0          0          0        696   funder.o
       248          0          0          0          0        152   poly.o
      3152        296        136          0          0        352   pow.o
      1636        110        320          0          0        372   powf.o
         0          0          8          0          0          0   qnan.o
      1080        142        200          0          0        188   rred.o
       340         24         32          0          0        160   rredf.o
       200         20          0          0          0        164   sin.o
       304         24         40          0          0        208   sin_i.o
       400         56          0          0          0        212   sinf.o
       232          0          0          0          0        296   sqrt.o
        58          0          0          0          0        136   sqrtf.o

    ----------------------------------------------------------------------
     14004       1308        936          0        100       9308   Library Totals
        26          4          0          0          4          0   (incl. Padding)

    ----------------------------------------------------------------------

      Code (inc. data)   RO Data    RW Data    ZI Data      Debug   Library Name

       306         20          0          0         96        752   c_w.l
      3484        252          0          0          0       3344   fz_wm.l
     10188       1032        936          0          0       5212   m_wm.l

    ----------------------------------------------------------------------
     14004       1308        936          0        100       9308   Library Totals

    ----------------------------------------------------------------------

==============================================================================


      Code (inc. data)   RO Data    RW Data    ZI Data      Debug   

     58160       3540       1960        284      13556     467357   Grand Totals
     58160       3540       1960        284      13556     467357   ELF Image Totals
     58160       3540       1960        284          0          0   ROM Totals

==============================================================================

    Total RO  Size (Code + RO Data)                60120 (  58.71kB)
    Total RW  Size (RW Data + ZI Data)             13840 (  13.52kB)
    Total ROM Size (Code + RO Data + RW Data)      60404 (  58.99kB)

==============================================================================

